ASxxxx Linker V03.00/V05.40 + sdld,  page 1.
Hexadecimal  [32-Bits]

Area                       Addr        Size        Decimal Bytes (Attributes)
--------------------       ----        ----        ------- ----- ------------
.  .ABS.               00000000    00000000 =           0. bytes (ABS,CON)

        Value  Global            Value  Global            Value  Global    
        -----  ------            -----  ------            -----  ------    
     00000000  .__.ABS.  |    00000000  ___bank_b |    00000000  l__BASE  
     00000000  l__BSEG   |    00000000  l__BSS    |    00000000  l__CABS  
     00000000  l__CODE_0 |    00000000  l__DABS   |    00000000  l__HEADER
     00000000  l__HEAP   |    00000000  l__HEAP_E |    00000000  l__LIT   
     00000000  s__CABS   |    00000000  s__DABS   |    00000000  s__HEADER
     00000000  s__HEADER |    00000000  s__HEADER |    00000000  s__HEADER
     00000000  s__HEADER |    00000000  s__HEADER |    00000000  s__HEADER
     00000000  s__HEADER |    00000001  l__GSFINA |    00000001  l__HEADER
     00000003  l__HEADER |    00000003  l__HEADER |    00000006  l__HEADER
     00000009  l__HEADER |    00000009  l__HEADER |    0000000C  l__GSINIT
     00000011  l__DATA   |    0000001D  l__INITIA |    0000001D  l__INITIA
     0000007C  l__HEADER |    00000100  s__CODE   |    0000043F  l__HOME  
     00006FB8  l__CODE   |    000070B8  s__HOME   |    000074F7  s__BASE  
     000074F7  s__CODE_0 |    000074F7  s__INITIA |    000074F7  s__LIT   
     00007514  s__GSINIT |    00007520  s__GSFINA |    0000C000  _shadow_O
     0000C0C0  s__DATA   |    0000C0D1  s__INITIA |    0000C0EE  s__BSEG  
     0000C0EE  s__BSS    |    0000C0EE  s__HEAP   |    0000C0EE  s__HEAP_E
     0000DFF0  .STACK   
ASxxxx Linker V03.00/V05.40 + sdld,  page 2.
Hexadecimal  [32-Bits]

Area                       Addr        Size        Decimal Bytes (Attributes)
--------------------       ----        ----        ------- ----- ------------
_CODE                  00000100    00006FB8 =       28600. bytes (REL,CON)

        Value  Global            Value  Global            Value  Global    
        -----  ------            -----  ------            -----  ------    
     00000100  ___func_b |    00000100  _bigmap_p |    00000110  _bigmap_t
     00001C30  _bigmap_m |    00006CA0  _set_came |    00006E2E  _init_cam
     00006FBC  _main     |    00007078  __moducha |    0000707F  __moduint
     00007084  __divucha |    00007086  __divu8   |    00007089  __divu16 
     00007089  __divuint
ASxxxx Linker V03.00/V05.40 + sdld,  page 3.
Hexadecimal  [32-Bits]

Area                       Addr        Size        Decimal Bytes (Attributes)
--------------------       ----        ----        ------- ----- ------------
_HEADER0               00000000    00000006 =           6. bytes (ABS,CON)

        Value  Global            Value  Global            Value  Global    
        -----  ------            -----  ------            -----  ------    
ASxxxx Linker V03.00/V05.40 + sdld,  page 4.
Hexadecimal  [32-Bits]

Area                       Addr        Size        Decimal Bytes (Attributes)
--------------------       ----        ----        ------- ----- ------------
_HEADER1               00000000    00000009 =           9. bytes (ABS,CON)

        Value  Global            Value  Global            Value  Global    
        -----  ------            -----  ------            -----  ------    
     00000010  _WRITE_VD
ASxxxx Linker V03.00/V05.40 + sdld,  page 5.
Hexadecimal  [32-Bits]

Area                       Addr        Size        Decimal Bytes (Attributes)
--------------------       ----        ----        ------- ----- ------------
_HEADER2               00000000    00000009 =           9. bytes (ABS,CON)

        Value  Global            Value  Global            Value  Global    
        -----  ------            -----  ------            -----  ------    
     00000020  _WRITE_VD
ASxxxx Linker V03.00/V05.40 + sdld,  page 6.
Hexadecimal  [32-Bits]

Area                       Addr        Size        Decimal Bytes (Attributes)
--------------------       ----        ----        ------- ----- ------------
_HEADER3               00000000    00000001 =           1. bytes (ABS,CON)

        Value  Global            Value  Global            Value  Global    
        -----  ------            -----  ------            -----  ------    
     00000030  .call_hl 
ASxxxx Linker V03.00/V05.40 + sdld,  page 7.
Hexadecimal  [32-Bits]

Area                       Addr        Size        Decimal Bytes (Attributes)
--------------------       ----        ----        ------- ----- ------------
_HEADER4               00000000    00000003 =           3. bytes (ABS,CON)

        Value  Global            Value  Global            Value  Global    
        -----  ------            -----  ------            -----  ------    
ASxxxx Linker V03.00/V05.40 + sdld,  page 8.
Hexadecimal  [32-Bits]

Area                       Addr        Size        Decimal Bytes (Attributes)
--------------------       ----        ----        ------- ----- ------------
_HEADER5               00000000    00000003 =           3. bytes (ABS,CON)

        Value  Global            Value  Global            Value  Global    
        -----  ------            -----  ------            -----  ------    
ASxxxx Linker V03.00/V05.40 + sdld,  page 9.
Hexadecimal  [32-Bits]

Area                       Addr        Size        Decimal Bytes (Attributes)
--------------------       ----        ----        ------- ----- ------------
_HEADER6               00000000    0000007C =         124. bytes (ABS,CON)

        Value  Global            Value  Global            Value  Global    
        -----  ------            -----  ------            -----  ------    
     00000080  .init    
ASxxxx Linker V03.00/V05.40 + sdld,  page 10.
Hexadecimal  [32-Bits]

Area                       Addr        Size        Decimal Bytes (Attributes)
--------------------       ----        ----        ------- ----- ------------
_HOME                  000070B8    0000043F =        1087. bytes (REL,CON)

        Value  Global            Value  Global            Value  Global    
        -----  ------            -----  ------            -----  ------    
     000070E7  .CRT_DEFA |    000070F7  .memset_s |    00007100  .memcpy_s
     00007106  .wait_vbl |    00007106  _vsync    |    00007106  _wait_vbl
     00007118  _NMI_ISR  |    0000711A  .OUTI128  |    0000719A  .OUTI64  
     000071DA  .OUTI32   |    000071FA  .OUTI16   |    0000721A  .OUTI_END
     0000721B  _set_spri |    0000721B  _set_spri |    0000721E  _set_bkg_
     0000721E  _set_bkg_ |    0000721E  _set_nati |    00007252  _INT_ISR 
     000072D9  .remove_L |    000072D9  _remove_L |    000072DC  .add_LCD 
     000072DC  _add_LCD  |    000072E0  _add_VBL  |    000072E2  .add_VBL 
     000072E5  .add_int  |    000072F1  _remove_V |    000072F3  .remove_V
     000072F6  .remove_i |    00007312  _add_JOY  |    00007312  _add_SIO 
     00007312  _add_TIM  |    00007312  _remove_J |    00007312  _remove_S
     00007312  _remove_T |    00007313  _set_tile |    00007397  .set_tile
     000073A2  .set_tile |    00007439  .jpad     |    00007439  _joypad  
     00007490  .padup    |    00007490  _waitpadu |    0000749B  .wait_pad
     0000749B  _waitpad  |    000074A7  _set_pale |    000074C4  _set_pale
ASxxxx Linker V03.00/V05.40 + sdld,  page 11.
Hexadecimal  [32-Bits]

Area                       Addr        Size        Decimal Bytes (Attributes)
--------------------       ----        ----        ------- ----- ------------
_INITIALIZER           000074F7    0000001D =          29. bytes (REL,CON)

        Value  Global            Value  Global            Value  Global    
        -----  ------            -----  ------            -----  ------    
ASxxxx Linker V03.00/V05.40 + sdld,  page 12.
Hexadecimal  [32-Bits]

Area                       Addr        Size        Decimal Bytes (Attributes)
--------------------       ----        ----        ------- ----- ------------
_GSINIT                00007514    0000000C =          12. bytes (REL,CON)

        Value  Global            Value  Global            Value  Global    
        -----  ------            -----  ------            -----  ------    
     00007514  .gsinit  
ASxxxx Linker V03.00/V05.40 + sdld,  page 13.
Hexadecimal  [32-Bits]

Area                       Addr        Size        Decimal Bytes (Attributes)
--------------------       ----        ----        ------- ----- ------------
_GSFINAL               00007520    00000001 =           1. bytes (REL,CON)

        Value  Global            Value  Global            Value  Global    
        -----  ------            -----  ------            -----  ------    
ASxxxx Linker V03.00/V05.40 + sdld,  page 14.
Hexadecimal  [32-Bits]

Area                       Addr        Size        Decimal Bytes (Attributes)
--------------------       ----        ----        ------- ----- ------------
_DATA                  0000C0C0    00000011 =          17. bytes (REL,CON)

        Value  Global            Value  Global            Value  Global    
        -----  ------            -----  ------            -----  ------    
     0000C0C0  __BIOS    |    0000C0C1  __SYSTEM  |    0000C0C2  _joy     
     0000C0C3  _camera_x |    0000C0C5  _camera_y |    0000C0C7  _old_came
     0000C0C9  _old_came |    0000C0CB  _map_pos_ |    0000C0CC  _map_pos_
     0000C0CD  _old_map_ |    0000C0CE  _old_map_ |    0000C0CF  _redraw  
     0000C0D0  .image_ti
ASxxxx Linker V03.00/V05.40 + sdld,  page 15.
Hexadecimal  [32-Bits]

Area                       Addr        Size        Decimal Bytes (Attributes)
--------------------       ----        ----        ------- ----- ------------
_INITIALIZED           0000C0D1    0000001D =          29. bytes (REL,CON)

        Value  Global            Value  Global            Value  Global    
        -----  ------            -----  ------            -----  ------    
     0000C0D1  _shadow_V |    0000C0D2  _shadow_V |    0000C0D3  _shadow_V
     0000C0D4  _shadow_V |    0000C0D5  _shadow_V |    0000C0D6  _shadow_V
     0000C0D7  _shadow_V |    0000C0D8  _shadow_V |    0000C0D8  _shadow_V
     0000C0D9  _shadow_V |    0000C0D9  _shadow_V |    0000C0DA  _shadow_V
     0000C0DA  _shadow_V |    0000C0DB  _shadow_V |    0000C0DC  .shadow_V
     0000C0DC  .sys_time |    0000C0DC  _sys_time |    0000C0DE  .vbl_done
     0000C0DF  .vdp_shif |    0000C0DF  _VDP_ATTR |    0000C0E0  __shadow_
     0000C0E1  __shadow_ |    0000C0E2  __sprites |    0000C0E3  .mode    
ASxxxx Linker V03.00/V05.40 + sdld,  page 16.

Files Linked                              [ module(s) ]

../../../lib/sms/crt0.o                   [ Runtime ]
obj/sms/bigmap.o                          [ bigmap ]
obj/sms/large_map.o                       [ large_map ]


Libraries Linked                          [ object file ]

../../../lib/sms/sms.lib                  [ nmi.o ]
../../../lib/sms/sms.lib                  [ outi.o ]
../../../lib/sms/sms.lib                  [ sms_set_native_data.o ]
../../../lib/sms/sms.lib                  [ sms_int.o ]
../../../lib/sms/sms.lib                  [ set_tile_submap.o ]
../../../lib/sms/sms.lib                  [ pad.o ]
../../../lib/sms/sms.lib                  [ palette.o ]
../../../lib/z80/z80.lib                  [ modunsigned.o ]
../../../lib/z80/z80.lib                  [ divunsigned.o ]

ASxxxx Linker V03.00/V05.40 + sdld,  page 17.

User Base Address Definitions

_DATA=0xC0C0
_CODE=0x0100
ASxxxx Linker V03.00/V05.40 + sdld,  page 18.

User Global Definitions

_shadow_OAM=0xC000
.STACK=0xDFF0

