ASxxxx Linker V03.00/V05.40 + sdld,  page 1.
Hexadecimal  [32-Bits]

Area                       Addr        Size        Decimal Bytes (Attributes)
--------------------       ----        ----        ------- ----- ------------
_FONT_HEADER0          00000000    00000003 =           3. bytes (ABS,CON)

        Value  Global            Value  Global            Value  Global    
        -----  ------            -----  ------            -----  ------    
     00000000  l_VECTORS |    00000000  l__BASE   |    00000000  l__CABS  
     00000000  l__DABS   |    00000000  l__FONT_H |    00000000  l__GSFINA
     00000000  l__GSINIT |    00000000  l__HEAP   |    00000000  l__HEAP_E
     00000000  l__INITIA |    00000000  l__INITIA |    00000000  l__LIT   
     00000000  l__OSEG   |    00000000  l__RODATA |    00000000  s_OSEG   
     00000000  s_VECTORS |    00000000  s_VECTORS |    00000000  s__CABS  
     00000000  s__DABS   |    00000000  s__FONT_H |    00000000  s__FONT_H
     00000003  l__FONT_H |    00000004  l_OSEG    |    00000006  l_VECTORS
     0000000D  l_GBDKOVR |    00000010  s_GBDKOVR |    00000020  s__ZP    
     00000037  l__ZP     |    0000004B  l__DATA   |    0000004B  l__XINIT 
     00000057  s__OSEG   |    00000088  l__BSS    |    00000300  s__DATA  
     0000034B  s__BSS    |    000003D3  s__HEAP   |    000003D3  s__HEAP_E
     000003D3  s__INITIA |    00000B0D  l__HOME   |    00000F76  l__CODE  
     0000C000  s__CODE   |    0000CF76  s__HOME   |    0000DA83  s__BASE  
     0000DA83  s__INITIA |    0000DA83  s__LIT    |    0000DA83  s__RODATA
     0000DA83  s__XINIT  |    0000DACE  s__GSFINA |    0000DACE  s__GSINIT
ASxxxx Linker V03.00/V05.40 + sdld,  page 2.
Hexadecimal  [32-Bits]

Area                       Addr        Size        Decimal Bytes (Attributes)
--------------------       ----        ----        ------- ----- ------------
VECTORS0               00000000    00000006 =           6. bytes (ABS,CON)

        Value  Global            Value  Global            Value  Global    
        -----  ------            -----  ------            -----  ------    
ASxxxx Linker V03.00/V05.40 + sdld,  page 3.
Hexadecimal  [32-Bits]

Area                       Addr        Size        Decimal Bytes (Attributes)
--------------------       ----        ----        ------- ----- ------------
.  .ABS.               00000000    00000000 =           0. bytes (ABS,CON)

        Value  Global            Value  Global            Value  Global    
        -----  ------            -----  ------            -----  ------    
     00000000  .__.ABS.  |    00000100  __vram_tr |    00000188  _attribut
     00000200  _shadow_O |    00002000  _PPUCTRL  |    00002001  _PPUMASK 
     00002002  _PPUSTATU |    00002003  _OAMADDR  |    00002004  _OAMDATA 
     00002005  _PPUSCROL |    00002006  _PPUADDR  |    00002007  _PPUDATA 
     00004014  _OAMDMA  
ASxxxx Linker V03.00/V05.40 + sdld,  page 4.
Hexadecimal  [32-Bits]

Area                       Addr        Size        Decimal Bytes (Attributes)
--------------------       ----        ----        ------- ----- ------------
_CODE                  0000C000    00000F76 =        3958. bytes (REL,CON)

        Value  Global            Value  Global            Value  Global    
        -----  ------            -----  ------            -----  ------    
     0000C000  .identity |    0000C000  _identity |    0000C1C2  .delay_to
     0000C358  .wait_vbl |    0000C358  _vsync    |    0000C358  _wait_vbl
     0000C3D8  .display_ |    0000C3D8  _display_ |    0000C3E5  .display_
     0000C3E5  _display_ |    0000C4ED  _init_pad |    0000C50F  _main    
     0000C7D2  _HUD      |    0000C80C  ___memcpy |    0000C83E  .add_VBL 
     0000C83E  _add_VBL  |    0000C842  .add_LCD  |    0000C842  _add_LCD 
     0000C854  .remove_V |    0000C854  _remove_V |    0000C858  .remove_L
     0000C858  _remove_L |    0000C862  _printf   |    0000C8C9  ___printf
     0000CD55  _sprintf  |    0000CDC7  ___uitoa  |    0000CEAE  _uitoa   
     0000CECA  _itoa     |    0000CF3A  __sdcc_in |    0000CF3D  __moduint
     0000CF45  __divuint |    0000CF4D  ___udivmo
ASxxxx Linker V03.00/V05.40 + sdld,  page 5.
Hexadecimal  [32-Bits]

Area                       Addr        Size        Decimal Bytes (Attributes)
--------------------       ----        ----        ------- ----- ------------
_HOME                  0000CF76    00000B0D =        2829. bytes (REL,CON)

        Value  Global            Value  Global            Value  Global    
        -----  ------            -----  ------            -----  ------    
     0000CF76  .ppu_stri |    0000CF8B  .ppu_stri |    0000CFD3  .ppu_stri
     0000D001  .ppu_stri |    0000D015  .ppu_stri |    0000D015  _set_vram
     0000D102  _font_loa |    0000D10A  font_load |    0000D172  font_copy
     0000D1C5  font_set  |    0000D1DE  .put_char |    0000D1F3  .out_char
     0000D1F9  .del_char |    0000D248  _putchar  |    0000D24B  _setchar 
     0000D24E  _font_loa |    0000D251  _font_set |    0000D255  _font_ini
     0000D273  .cls      |    0000D273  _cls      |    0000D27C  _gotoxy  
     0000D283  _posx     |    0000D291  _posy     |    0000D2B7  .cr_curs 
     0000D2CD  .adv_curs |    0000D303  .tmode    |    0000D30D  .tmode_ou
     0000D316  _set_spri |    0000D31E  _set_spri |    0000D326  _move_spr
     0000D333  _scroll_s |    0000D348  _hide_spr |    0000D352  _get_spri
     0000D359  _flush_sh |    0000D454  _hide_spr |    0000D46C  _set_bkg_
     0000D47E  _set_spri |    0000D596  _joypad_i |    0000D5AD  .joypad_e
     0000D5AD  _joypad_e |    0000D5D1  _get_bkg_ |    0000D5EA  _set_bkg_
     0000D5F0  _strobe_j |    0000D5FB  _read_joy |    0000D5FE  _read_joy
     0000D631  .padup    |    0000D631  _waitpadu |    0000D637  .jpad    
     0000D637  _joypad   |    0000D63C  .wait_pad |    0000D63C  _waitpad 
     0000D646  _set_bkg_ |    0000D6D1  _font_ibm
ASxxxx Linker V03.00/V05.40 + sdld,  page 6.
Hexadecimal  [32-Bits]

Area                       Addr        Size        Decimal Bytes (Attributes)
--------------------       ----        ----        ------- ----- ------------
_XINIT                 0000DA83    0000004B =          75. bytes (REL,CON)

        Value  Global            Value  Global            Value  Global    
        -----  ------            -----  ------            -----  ------    
ASxxxx Linker V03.00/V05.40 + sdld,  page 7.
Hexadecimal  [32-Bits]

Area                       Addr        Size        Decimal Bytes (Attributes)
--------------------       ----        ----        ------- ----- ------------
_DATA                  00000300    0000004B =          75. bytes (REL,CON)

        Value  Global            Value  Global            Value  Global    
        -----  ------            -----  ------            -----  ------    
     00000300  _sprite_d |    00000340  .curx     |    00000341  .cury    
     00000342  ___render |    00000343  .jmp_to_V |    00000346  .jmp_to_L
     00000349  .fg_colou |    00000349  __current |    0000034A  .bg_colou
ASxxxx Linker V03.00/V05.40 + sdld,  page 8.
Hexadecimal  [32-Bits]

Area                       Addr        Size        Decimal Bytes (Attributes)
--------------------       ----        ----        ------- ----- ------------
_BSS                   0000034B    00000088 =         136. bytes (REL,CON)

        Value  Global            Value  Global            Value  Global    
        -----  ------            -----  ------            -----  ------    
     0000034B  __crt0_pa |    00000364  .mode     |    0000037B  _joypads 
     00000380  _player1  |    00000381  _player2  |    00000382  _player1_
     00000384  _player2_ |    00000386  _ballX    |    00000387  _ballY   
     00000388  _spd_ball |    00000389  _spd_ball |    0000038A  font_curr
     0000038D  font_firs |    0000038E  font_tabl |    000003A4  ___printf
     000003A6  ___printf |    000003A8  ___printf |    000003C3  ___uitoa_
     000003C5  ___uitoa_ |    000003C9  _uitoa_PA |    000003CB  _uitoa_PA
     000003CC  _itoa_PAR |    000003CE  _itoa_PAR
ASxxxx Linker V03.00/V05.40 + sdld,  page 9.
Hexadecimal  [32-Bits]

Area                       Addr        Size        Decimal Bytes (Attributes)
--------------------       ----        ----        ------- ----- ------------
OSEG                   00000000    00000004 =           4. bytes (REL,OVR,PAG)

        Value  Global            Value  Global            Value  Global    
        -----  ------            -----  ------            -----  ------    
     00000000  ___memcpy |    00000000  __divsint |    00000000  __divuint
     00000000  __modsint |    00000000  __moduint |    00000002  ___memcpy
ASxxxx Linker V03.00/V05.40 + sdld,  page 10.
Hexadecimal  [32-Bits]

Area                       Addr        Size        Decimal Bytes (Attributes)
--------------------       ----        ----        ------- ----- ------------
GBDKOVR                00000010    0000000D =          13. bytes (REL,OVR,PAG)

        Value  Global            Value  Global            Value  Global    
        -----  ------            -----  ------            -----  ------    
     00000010  _joypad_i |    00000010  _move_spr |    00000010  _scroll_s
     00000010  _set_bkg_ |    00000010  _set_bkg_ |    00000010  _set_bkg_
     00000010  _set_spri |    00000010  _set_vram |    00000011  .bkg_tile
ASxxxx Linker V03.00/V05.40 + sdld,  page 11.
Hexadecimal  [32-Bits]

Area                       Addr        Size        Decimal Bytes (Attributes)
--------------------       ----        ----        ------- ----- ------------
_ZP                    00000020    00000037 =          55. bytes (REL,CON,PAG)

        Value  Global            Value  Global            Value  Global    
        -----  ------            -----  ------            -----  ------    
     00000020  __shadow_ |    00000021  __current |    00000022  _sys_time
     00000024  _shadow_P |    00000025  _shadow_P |    00000028  _bkg_scro
     00000029  _bkg_scro |    0000002A  _attribut |    0000002B  _attribut
     0000002C  .crt0_for |    0000002D  __SYSTEM  |    00000030  __vram_tr
     00000031  __vram_tr |    00000032  __vram_tr |    00000033  __vram_tr
     00000034  REGTEMP   |    0000003C  __lcd_sca |    0000003D  ___SDCC_m
     0000003E  ___SDCC_m |    0000003F  ___SDCC_m |    00000040  ___SDCC_m
     00000041  ___SDCC_m |    00000042  ___SDCC_m |    00000043  ___SDCC_m
     00000044  ___SDCC_m |    00000055  DPTR     
ASxxxx Linker V03.00/V05.40 + sdld,  page 12.

Files Linked                              [ module(s) ]

../../../lib/nes/crt0.o                   [ crt0 ]
obj/nes/pong.o                            [ pong ]


Libraries Linked                          [ object file ]

../../../lib/nes/nes.lib                  [ vram_transfer_buffer.o ]
../../../lib/mos6502/mos6502.lib          [ _memcpy.o ]
../../../lib/nes/nes.lib                  [ font.o ]
../../../lib/nes/nes.lib                  [ set_sprite.o ]
../../../lib/nes/nes.lib                  [ flush_attributes.o ]
../../../lib/nes/nes.lib                  [ metasprites_hide_spr.o ]
../../../lib/mos6502/mos6502.lib          [ _temp.o ]
../../../lib/nes/nes.lib                  [ lcd.o ]
../../../lib/nes/nes.lib                  [ set_data.o ]
../../../lib/nes/nes.lib                  [ pad_ex.o ]
../../../lib/nes/nes.lib                  [ set_tile.o ]
../../../lib/nes/nes.lib                  [ pad.o ]
../../../lib/nes/nes.lib                  [ set_1bit_data.o ]
../../../lib/nes/nes.lib                  [ color.o ]
../../../lib/nes/nes.lib                  [ f_ibm_sh.o ]
../../../lib/mos6502/mos6502.lib          [ _ret01.o ]
../../../lib/mos6502/mos6502.lib          [ _ret23.o ]
../../../lib/mos6502/mos6502.lib          [ _ret4567.o ]
../../../lib/mos6502/mos6502.lib          [ printf.o ]
../../../lib/mos6502/mos6502.lib          [ sprintf.o ]
../../../lib/mos6502/mos6502.lib          [ __itoa.o ]
../../../lib/mos6502/mos6502.lib          [ __sdcc_indirect_jsr.o ]
../../../lib/mos6502/mos6502.lib          [ _dptr.o ]
../../../lib/mos6502/mos6502.lib          [ _moduint.o ]
../../../lib/mos6502/mos6502.lib          [ _divuint.o ]

ASxxxx Linker V03.00/V05.40 + sdld,  page 13.

User Base Address Definitions

_DATA=0x0300
_CODE=0xC000
VECTORS=0xFFFA
OSEG=0x00
GBDKOVR=0x10
_ZP=0x20

