ASxxxx Linker V03.00/V05.40 + sdld,  page 1.
Hexadecimal  [32-Bits]

Area                       Addr        Size        Decimal Bytes (Attributes)
--------------------       ----        ----        ------- ----- ------------
.  .ABS.               00000000    00000000 =           0. bytes (ABS,CON)

        Value  Global            Value  Global            Value  Global    
        -----  ------            -----  ------            -----  ------    
     00000000  .__.ABS.  |    00000000  l__BASE   |    00000000  l__BSEG  
     00000000  l__BSS    |    00000000  l__CABS   |    00000000  l__CODE_0
     00000000  l__DABS   |    00000000  l__HEADER |    00000000  l__HEAP  
     00000000  l__HEAP_E |    00000000  l__LIT    |    00000000  s__CABS  
     00000000  s__DABS   |    00000000  s__HEADER |    00000000  s__HEADER
     00000000  s__HEADER |    00000000  s__HEADER |    00000000  s__HEADER
     00000000  s__HEADER |    00000000  s__HEADER |    00000000  s__HEADER
     00000001  l__GSFINA |    00000001  l__HEADER |    00000003  l__HEADER
     00000003  l__HEADER |    00000006  l__HEADER |    00000009  l__HEADER
     00000009  l__HEADER |    0000000C  l__GSINIT |    00000021  l__INITIA
     00000021  l__INITIA |    00000053  l__DATA   |    00000071  l__HEADER
     00000100  s__CODE   |    000005E2  l__CODE   |    000006E2  s__HOME  
     00000876  l__HOME   |    00000F58  s__BASE   |    00000F58  s__CODE_0
     00000F58  s__INITIA |    00000F58  s__LIT    |    00000F79  s__GSINIT
     00000F85  s__GSFINA |    0000C000  _shadow_O |    0000C0C0  s__DATA  
     0000C113  s__INITIA |    0000C134  s__BSEG   |    0000C134  s__BSS   
     0000C134  s__HEAP   |    0000C134  s__HEAP_E |    0000DFF0  .STACK   
ASxxxx Linker V03.00/V05.40 + sdld,  page 2.
Hexadecimal  [32-Bits]

Area                       Addr        Size        Decimal Bytes (Attributes)
--------------------       ----        ----        ------- ----- ------------
_CODE                  00000100    000005E2 =        1506. bytes (REL,CON)

        Value  Global            Value  Global            Value  Global    
        -----  ------            -----  ------            -----  ------    
     00000100  _main     |    0000016D  _rand     |    0000016D  _randw   
     00000194  .initrand |    00000194  _initrand |    00000198  _arand   
     000001C4  _initaran |    000001EC  _printf   |    00000204  ___crlf  
     0000023A  ___printf |    00000582  _sprintf  |    000005B0  _itoa    
     000005E1  _uitoa    |    00000692  ___uitobc |    000006C9  ___strrev
     000006CF  ___strrev |    000006E1  ___sdcc_c
ASxxxx Linker V03.00/V05.40 + sdld,  page 3.
Hexadecimal  [32-Bits]

Area                       Addr        Size        Decimal Bytes (Attributes)
--------------------       ----        ----        ------- ----- ------------
_HEADER0               00000000    00000006 =           6. bytes (ABS,CON)

        Value  Global            Value  Global            Value  Global    
        -----  ------            -----  ------            -----  ------    
ASxxxx Linker V03.00/V05.40 + sdld,  page 4.
Hexadecimal  [32-Bits]

Area                       Addr        Size        Decimal Bytes (Attributes)
--------------------       ----        ----        ------- ----- ------------
_HEADER1               00000000    00000009 =           9. bytes (ABS,CON)

        Value  Global            Value  Global            Value  Global    
        -----  ------            -----  ------            -----  ------    
     00000010  _WRITE_VD
ASxxxx Linker V03.00/V05.40 + sdld,  page 5.
Hexadecimal  [32-Bits]

Area                       Addr        Size        Decimal Bytes (Attributes)
--------------------       ----        ----        ------- ----- ------------
_HEADER2               00000000    00000009 =           9. bytes (ABS,CON)

        Value  Global            Value  Global            Value  Global    
        -----  ------            -----  ------            -----  ------    
     00000020  _WRITE_VD
ASxxxx Linker V03.00/V05.40 + sdld,  page 6.
Hexadecimal  [32-Bits]

Area                       Addr        Size        Decimal Bytes (Attributes)
--------------------       ----        ----        ------- ----- ------------
_HEADER3               00000000    00000001 =           1. bytes (ABS,CON)

        Value  Global            Value  Global            Value  Global    
        -----  ------            -----  ------            -----  ------    
     00000030  .call_hl 
ASxxxx Linker V03.00/V05.40 + sdld,  page 7.
Hexadecimal  [32-Bits]

Area                       Addr        Size        Decimal Bytes (Attributes)
--------------------       ----        ----        ------- ----- ------------
_HEADER4               00000000    00000003 =           3. bytes (ABS,CON)

        Value  Global            Value  Global            Value  Global    
        -----  ------            -----  ------            -----  ------    
ASxxxx Linker V03.00/V05.40 + sdld,  page 8.
Hexadecimal  [32-Bits]

Area                       Addr        Size        Decimal Bytes (Attributes)
--------------------       ----        ----        ------- ----- ------------
_HEADER5               00000000    00000003 =           3. bytes (ABS,CON)

        Value  Global            Value  Global            Value  Global    
        -----  ------            -----  ------            -----  ------    
ASxxxx Linker V03.00/V05.40 + sdld,  page 9.
Hexadecimal  [32-Bits]

Area                       Addr        Size        Decimal Bytes (Attributes)
--------------------       ----        ----        ------- ----- ------------
_HEADER6               00000000    00000071 =         113. bytes (ABS,CON)

        Value  Global            Value  Global            Value  Global    
        -----  ------            -----  ------            -----  ------    
     00000080  .init    
ASxxxx Linker V03.00/V05.40 + sdld,  page 10.
Hexadecimal  [32-Bits]

Area                       Addr        Size        Decimal Bytes (Attributes)
--------------------       ----        ----        ------- ----- ------------
_HOME                  000006E2    00000876 =        2166. bytes (REL,CON)

        Value  Global            Value  Global            Value  Global    
        -----  ------            -----  ------            -----  ------    
     00000711  .CRT_DEFA |    00000731  .memset_s |    0000073A  .memcpy_s
     00000740  .wait_vbl |    00000740  _vsync    |    00000740  _wait_vbl
     00000752  .jpad     |    00000752  _joypad   |    00000767  .padup   
     00000767  _waitpadu |    00000773  .wait_pad |    00000773  _waitpad 
     0000077B  _NMI_ISR  |    0000077D  .OUTI128  |    000007FD  .OUTI64  
     0000083D  .OUTI32   |    0000085D  .OUTI16   |    0000087D  .OUTI_END
     0000087E  _INT_ISR  |    00000905  .remove_L |    00000905  _remove_L
     00000908  .add_LCD  |    00000908  _add_LCD  |    0000090C  _add_VBL 
     0000090E  .add_VBL  |    00000911  .add_int  |    0000091D  _remove_V
     0000091F  .remove_V |    00000922  .remove_i |    0000093E  _add_JOY 
     0000093E  _add_SIO  |    0000093E  _add_TIM  |    0000093E  _remove_J
     0000093E  _remove_S |    0000093E  _remove_T |    0000093F  _puts    
     0000095F  _putchar  |    0000095F  _setchar  |    000009EC  _font_ini
     000009F9  _font_set |    000009FD  font_set  |    00000A06  _font_col
     00000A0D  font_load |    00000A13  _font_loa |    00000A17  font_load
     00000A87  .scroll_v |    00000AE0  _font_ibm |    00000E92  .memset_s
     00000E99  _set_tile |    00000F21  _set_spri |    00000F21  _set_spri
     00000F24  _set_bkg_ |    00000F24  _set_bkg_ |    00000F24  _set_nati
ASxxxx Linker V03.00/V05.40 + sdld,  page 11.
Hexadecimal  [32-Bits]

Area                       Addr        Size        Decimal Bytes (Attributes)
--------------------       ----        ----        ------- ----- ------------
_INITIALIZER           00000F58    00000021 =          33. bytes (REL,CON)

        Value  Global            Value  Global            Value  Global    
        -----  ------            -----  ------            -----  ------    
ASxxxx Linker V03.00/V05.40 + sdld,  page 12.
Hexadecimal  [32-Bits]

Area                       Addr        Size        Decimal Bytes (Attributes)
--------------------       ----        ----        ------- ----- ------------
_GSINIT                00000F79    0000000C =          12. bytes (REL,CON)

        Value  Global            Value  Global            Value  Global    
        -----  ------            -----  ------            -----  ------    
     00000F79  .gsinit  
ASxxxx Linker V03.00/V05.40 + sdld,  page 13.
Hexadecimal  [32-Bits]

Area                       Addr        Size        Decimal Bytes (Attributes)
--------------------       ----        ----        ------- ----- ------------
_GSFINAL               00000F85    00000001 =           1. bytes (REL,CON)

        Value  Global            Value  Global            Value  Global    
        -----  ------            -----  ------            -----  ------    
ASxxxx Linker V03.00/V05.40 + sdld,  page 14.
Hexadecimal  [32-Bits]

Area                       Addr        Size        Decimal Bytes (Attributes)
--------------------       ----        ----        ------- ----- ------------
_DATA                  0000C0C0    00000053 =          83. bytes (REL,CON)

        Value  Global            Value  Global            Value  Global    
        -----  ------            -----  ------            -----  ------    
     0000C0C0  __BIOS    |    0000C0C1  __SYSTEM  |    0000C0C2  ___rand_s
     0000C0FD  font_curr
ASxxxx Linker V03.00/V05.40 + sdld,  page 15.
Hexadecimal  [32-Bits]

Area                       Addr        Size        Decimal Bytes (Attributes)
--------------------       ----        ----        ------- ----- ------------
_INITIALIZED           0000C113    00000021 =          33. bytes (REL,CON)

        Value  Global            Value  Global            Value  Global    
        -----  ------            -----  ------            -----  ------    
     0000C113  _shadow_V |    0000C114  _shadow_V |    0000C115  _shadow_V
     0000C116  _shadow_V |    0000C117  _shadow_V |    0000C118  _shadow_V
     0000C119  _shadow_V |    0000C11A  _shadow_V |    0000C11A  _shadow_V
     0000C11B  _shadow_V |    0000C11B  _shadow_V |    0000C11C  _shadow_V
     0000C11C  _shadow_V |    0000C11D  _shadow_V |    0000C11E  .shadow_V
     0000C11E  .sys_time |    0000C11E  _sys_time |    0000C120  .vbl_done
     0000C121  .vdp_shif |    0000C121  _VDP_ATTR |    0000C122  __shadow_
     0000C123  __shadow_ |    0000C124  __sprites |    0000C125  .mode    
     0000C130  .curx     |    0000C131  .cury     |    0000C132  .fg_colou
     0000C132  __current |    0000C133  .bg_colou
ASxxxx Linker V03.00/V05.40 + sdld,  page 16.

Files Linked                              [ module(s) ]

../../../lib/gg/crt0.o                    [ Runtime ]
obj/gg/testrand.o                         [ testrand ]


Libraries Linked                          [ object file ]

../../../lib/z80/z80.lib                  [ rand.o ]
../../../lib/gg/gg.lib                    [ pad.o ]
../../../lib/gg/gg.lib                    [ nmi.o ]
../../../lib/gg/gg.lib                    [ outi.o ]
../../../lib/gg/gg.lib                    [ sms_int.o ]
../../../lib/z80/z80.lib                  [ arand.o ]
../../../lib/z80/z80.lib                  [ puts.o ]
../../../lib/z80/z80.lib                  [ printf.o ]
../../../lib/gg/gg.lib                    [ crlf.o ]
../../../lib/gg/gg.lib                    [ putchar.o ]
../../../lib/gg/gg.lib                    [ font.o ]
../../../lib/gg/gg.lib                    [ scroll.o ]
../../../lib/gg/gg.lib                    [ color.o ]
../../../lib/gg/gg.lib                    [ f_ibm_sh.o ]
../../../lib/z80/z80.lib                  [ sprintf.o ]
../../../lib/gg/gg.lib                    [ memset_small.o ]
../../../lib/z80/z80.lib                  [ __itoa.o ]
../../../lib/gg/gg.lib                    [ sms_set_1bpp_data.o ]
../../../lib/z80/z80.lib                  [ __uitobcd.o ]
../../../lib/z80/z80.lib                  [ __strreverse.o ]
../../../lib/gg/gg.lib                    [ sms_set_native_data.o ]
../../../lib/z80/z80.lib                  [ __sdcc_call_hl.o ]

ASxxxx Linker V03.00/V05.40 + sdld,  page 17.

User Base Address Definitions

_DATA=0xC0C0
_CODE=0x0100
ASxxxx Linker V03.00/V05.40 + sdld,  page 18.

User Global Definitions

_shadow_OAM=0xC000
.STACK=0xDFF0

