ASxxxx Linker V03.00/V05.40 + sdld,  page 1.
Hexadecimal  [32-Bits]

Area                       Addr        Size        Decimal Bytes (Attributes)
--------------------       ----        ----        ------- ----- ------------
.  .ABS.               00000000    00000000 =           0. bytes (ABS,CON)

        Value  Global            Value  Global            Value  Global    
        -----  ------            -----  ------            -----  ------    
     00000000  .__.ABS.  |    00000000  l__BASE   |    00000000  l__BSEG  
     00000000  l__BSS    |    00000000  l__CABS   |    00000000  l__CODE_0
     00000000  l__DABS   |    00000000  l__HEADER |    00000000  l__HEAP  
     00000000  l__HEAP_E |    00000000  l__LIT    |    00000000  s__CABS  
     00000000  s__DABS   |    00000000  s__HEADER |    00000000  s__HEADER
     00000000  s__HEADER |    00000000  s__HEADER |    00000000  s__HEADER
     00000000  s__HEADER |    00000000  s__HEADER |    00000000  s__HEADER
     00000001  l__GSFINA |    00000001  l__HEADER |    00000003  l__HEADER
     00000003  l__HEADER |    00000006  l__HEADER |    00000009  l__HEADER
     00000009  l__HEADER |    0000000C  l__GSINIT |    00000018  l__DATA  
     00000021  l__INITIA |    00000021  l__INITIA |    0000007C  l__HEADER
     00000100  s__CODE   |    000005FE  l__CODE   |    000006FE  s__HOME  
     00000D5F  l__HOME   |    0000145D  s__BASE   |    0000145D  s__CODE_0
     0000145D  s__INITIA |    0000145D  s__LIT    |    0000147E  s__GSINIT
     0000148A  s__GSFINA |    0000C000  _shadow_O |    0000C0C0  s__DATA  
     0000C0D8  s__INITIA |    0000C0F9  s__BSEG   |    0000C0F9  s__BSS   
     0000C0F9  s__HEAP   |    0000C0F9  s__HEAP_E |    0000DFF0  .STACK   
ASxxxx Linker V03.00/V05.40 + sdld,  page 2.
Hexadecimal  [32-Bits]

Area                       Addr        Size        Decimal Bytes (Attributes)
--------------------       ----        ----        ------- ----- ------------
_CODE                  00000100    000005FE =        1534. bytes (REL,CON)

        Value  Global            Value  Global            Value  Global    
        -----  ------            -----  ------            -----  ------    
     00000100  _main     |    00000208  _printf   |    00000220  ___crlf  
     00000256  ___printf |    0000059E  _sprintf  |    000005CC  _itoa    
     000005FD  _uitoa    |    000006AE  ___uitobc |    000006E5  ___strrev
     000006EB  ___strrev |    000006FD  ___sdcc_c
ASxxxx Linker V03.00/V05.40 + sdld,  page 3.
Hexadecimal  [32-Bits]

Area                       Addr        Size        Decimal Bytes (Attributes)
--------------------       ----        ----        ------- ----- ------------
_HEADER0               00000000    00000006 =           6. bytes (ABS,CON)

        Value  Global            Value  Global            Value  Global    
        -----  ------            -----  ------            -----  ------    
ASxxxx Linker V03.00/V05.40 + sdld,  page 4.
Hexadecimal  [32-Bits]

Area                       Addr        Size        Decimal Bytes (Attributes)
--------------------       ----        ----        ------- ----- ------------
_HEADER1               00000000    00000009 =           9. bytes (ABS,CON)

        Value  Global            Value  Global            Value  Global    
        -----  ------            -----  ------            -----  ------    
     00000010  _WRITE_VD
ASxxxx Linker V03.00/V05.40 + sdld,  page 5.
Hexadecimal  [32-Bits]

Area                       Addr        Size        Decimal Bytes (Attributes)
--------------------       ----        ----        ------- ----- ------------
_HEADER2               00000000    00000009 =           9. bytes (ABS,CON)

        Value  Global            Value  Global            Value  Global    
        -----  ------            -----  ------            -----  ------    
     00000020  _WRITE_VD
ASxxxx Linker V03.00/V05.40 + sdld,  page 6.
Hexadecimal  [32-Bits]

Area                       Addr        Size        Decimal Bytes (Attributes)
--------------------       ----        ----        ------- ----- ------------
_HEADER3               00000000    00000001 =           1. bytes (ABS,CON)

        Value  Global            Value  Global            Value  Global    
        -----  ------            -----  ------            -----  ------    
     00000030  .call_hl 
ASxxxx Linker V03.00/V05.40 + sdld,  page 7.
Hexadecimal  [32-Bits]

Area                       Addr        Size        Decimal Bytes (Attributes)
--------------------       ----        ----        ------- ----- ------------
_HEADER4               00000000    00000003 =           3. bytes (ABS,CON)

        Value  Global            Value  Global            Value  Global    
        -----  ------            -----  ------            -----  ------    
ASxxxx Linker V03.00/V05.40 + sdld,  page 8.
Hexadecimal  [32-Bits]

Area                       Addr        Size        Decimal Bytes (Attributes)
--------------------       ----        ----        ------- ----- ------------
_HEADER5               00000000    00000003 =           3. bytes (ABS,CON)

        Value  Global            Value  Global            Value  Global    
        -----  ------            -----  ------            -----  ------    
ASxxxx Linker V03.00/V05.40 + sdld,  page 9.
Hexadecimal  [32-Bits]

Area                       Addr        Size        Decimal Bytes (Attributes)
--------------------       ----        ----        ------- ----- ------------
_HEADER6               00000000    0000007C =         124. bytes (ABS,CON)

        Value  Global            Value  Global            Value  Global    
        -----  ------            -----  ------            -----  ------    
     00000080  .init    
ASxxxx Linker V03.00/V05.40 + sdld,  page 10.
Hexadecimal  [32-Bits]

Area                       Addr        Size        Decimal Bytes (Attributes)
--------------------       ----        ----        ------- ----- ------------
_HOME                  000006FE    00000D5F =        3423. bytes (REL,CON)

        Value  Global            Value  Global            Value  Global    
        -----  ------            -----  ------            -----  ------    
     0000072D  .CRT_DEFA |    0000073D  .memset_s |    00000746  .memcpy_s
     0000074C  .wait_vbl |    0000074C  _vsync    |    0000074C  _wait_vbl
     0000075E  _font_ini |    0000076B  _font_set |    0000076F  font_set 
     00000778  _font_col |    0000077F  font_load |    00000785  _font_loa
     00000789  font_load |    000007F9  _set_tile |    00000881  _mode    
     00000885  .set_mode |    0000088A  _get_mode |    0000088F  _NMI_ISR 
     00000891  .OUTI128  |    00000911  .OUTI64   |    00000951  .OUTI32  
     00000971  .OUTI16   |    00000991  .OUTI_END |    00000992  _set_spri
     00000992  _set_spri |    00000995  _set_bkg_ |    00000995  _set_bkg_
     00000995  _set_nati |    000009C9  _INT_ISR  |    00000A50  .remove_L
     00000A50  _remove_L |    00000A53  .add_LCD  |    00000A53  _add_LCD 
     00000A57  _add_VBL  |    00000A59  .add_VBL  |    00000A5C  .add_int 
     00000A68  _remove_V |    00000A6A  .remove_V |    00000A6D  .remove_i
     00000A89  _add_JOY  |    00000A89  _add_SIO  |    00000A89  _add_TIM 
     00000A89  _remove_J |    00000A89  _remove_S |    00000A89  _remove_T
     00000A8A  _puts     |    00000AAA  _font_ita |    00000E14  _font_ibm
     000011C6  .memset_s |    000011CD  _font_min |    00001377  _putchar 
     00001377  _setchar  |    00001404  .scroll_v
ASxxxx Linker V03.00/V05.40 + sdld,  page 11.
Hexadecimal  [32-Bits]

Area                       Addr        Size        Decimal Bytes (Attributes)
--------------------       ----        ----        ------- ----- ------------
_INITIALIZER           0000145D    00000021 =          33. bytes (REL,CON)

        Value  Global            Value  Global            Value  Global    
        -----  ------            -----  ------            -----  ------    
ASxxxx Linker V03.00/V05.40 + sdld,  page 12.
Hexadecimal  [32-Bits]

Area                       Addr        Size        Decimal Bytes (Attributes)
--------------------       ----        ----        ------- ----- ------------
_GSINIT                0000147E    0000000C =          12. bytes (REL,CON)

        Value  Global            Value  Global            Value  Global    
        -----  ------            -----  ------            -----  ------    
     0000147E  .gsinit  
ASxxxx Linker V03.00/V05.40 + sdld,  page 13.
Hexadecimal  [32-Bits]

Area                       Addr        Size        Decimal Bytes (Attributes)
--------------------       ----        ----        ------- ----- ------------
_GSFINAL               0000148A    00000001 =           1. bytes (REL,CON)

        Value  Global            Value  Global            Value  Global    
        -----  ------            -----  ------            -----  ------    
ASxxxx Linker V03.00/V05.40 + sdld,  page 14.
Hexadecimal  [32-Bits]

Area                       Addr        Size        Decimal Bytes (Attributes)
--------------------       ----        ----        ------- ----- ------------
_DATA                  0000C0C0    00000018 =          24. bytes (REL,CON)

        Value  Global            Value  Global            Value  Global    
        -----  ------            -----  ------            -----  ------    
     0000C0C0  __BIOS    |    0000C0C1  __SYSTEM  |    0000C0C2  font_curr
ASxxxx Linker V03.00/V05.40 + sdld,  page 15.
Hexadecimal  [32-Bits]

Area                       Addr        Size        Decimal Bytes (Attributes)
--------------------       ----        ----        ------- ----- ------------
_INITIALIZED           0000C0D8    00000021 =          33. bytes (REL,CON)

        Value  Global            Value  Global            Value  Global    
        -----  ------            -----  ------            -----  ------    
     0000C0D8  _shadow_V |    0000C0D9  _shadow_V |    0000C0DA  _shadow_V
     0000C0DB  _shadow_V |    0000C0DC  _shadow_V |    0000C0DD  _shadow_V
     0000C0DE  _shadow_V |    0000C0DF  _shadow_V |    0000C0DF  _shadow_V
     0000C0E0  _shadow_V |    0000C0E0  _shadow_V |    0000C0E1  _shadow_V
     0000C0E1  _shadow_V |    0000C0E2  _shadow_V |    0000C0E3  .shadow_V
     0000C0E3  .sys_time |    0000C0E3  _sys_time |    0000C0E5  .vbl_done
     0000C0E6  .vdp_shif |    0000C0E6  _VDP_ATTR |    0000C0E7  __shadow_
     0000C0E8  __shadow_ |    0000C0E9  __sprites |    0000C0EA  .mode    
     0000C0EB  .fg_colou |    0000C0EB  __current |    0000C0EC  .bg_colou
     0000C0F7  .curx     |    0000C0F8  .cury    
ASxxxx Linker V03.00/V05.40 + sdld,  page 16.

Files Linked                              [ module(s) ]

../../../lib/sms/crt0.o                   [ Runtime ]
obj/sms/fonts.rel                         [ fonts ]


Libraries Linked                          [ object file ]

../../../lib/sms/sms.lib                  [ font.o ]
../../../lib/sms/sms.lib                  [ sms_set_1bpp_data.o ]
../../../lib/sms/sms.lib                  [ color.o ]
../../../lib/sms/sms.lib                  [ mode.o ]
../../../lib/sms/sms.lib                  [ nmi.o ]
../../../lib/sms/sms.lib                  [ outi.o ]
../../../lib/sms/sms.lib                  [ sms_set_native_data.o ]
../../../lib/sms/sms.lib                  [ sms_int.o ]
../../../lib/z80/z80.lib                  [ puts.o ]
../../../lib/sms/sms.lib                  [ f_italic.o ]
../../../lib/sms/sms.lib                  [ f_ibm_sh.o ]
../../../lib/sms/sms.lib                  [ memset_small.o ]
../../../lib/z80/z80.lib                  [ printf.o ]
../../../lib/sms/sms.lib                  [ f_min.o ]
../../../lib/sms/sms.lib                  [ crlf.o ]
../../../lib/sms/sms.lib                  [ putchar.o ]
../../../lib/sms/sms.lib                  [ scroll.o ]
../../../lib/z80/z80.lib                  [ sprintf.o ]
../../../lib/z80/z80.lib                  [ __itoa.o ]
../../../lib/z80/z80.lib                  [ __uitobcd.o ]
../../../lib/z80/z80.lib                  [ __strreverse.o ]
../../../lib/z80/z80.lib                  [ __sdcc_call_hl.o ]

ASxxxx Linker V03.00/V05.40 + sdld,  page 17.

User Base Address Definitions

_DATA=0xC0C0
_CODE=0x0100
ASxxxx Linker V03.00/V05.40 + sdld,  page 18.

User Global Definitions

_shadow_OAM=0xC000
.STACK=0xDFF0

