ASxxxx Linker V03.00/V05.40 + sdld,  page 1.
Hexadecimal  [32-Bits]

Area                       Addr        Size        Decimal Bytes (Attributes)
--------------------       ----        ----        ------- ----- ------------
.  .ABS.               00000000    00000000 =           0. bytes (ABS,CON)

        Value  Global            Value  Global            Value  Global    
        -----  ------            -----  ------            -----  ------    
     00000000  .__.ABS.  |    00000000  l__BASE   |    00000000  l__BSEG  
     00000000  l__BSS    |    00000000  l__CABS   |    00000000  l__CODE_0
     00000000  l__DABS   |    00000000  l__HEADER |    00000000  l__HEAP  
     00000000  l__HEAP_E |    00000000  l__LIT    |    00000000  s__CABS  
     00000000  s__DABS   |    00000000  s__HEADER |    00000000  s__HEADER
     00000000  s__HEADER |    00000000  s__HEADER |    00000000  s__HEADER
     00000000  s__HEADER |    00000000  s__HEADER |    00000000  s__HEADER
     00000001  l__GSFINA |    00000001  l__HEADER |    00000003  l__HEADER
     00000003  l__HEADER |    00000006  l__HEADER |    00000009  l__HEADER
     00000009  l__HEADER |    0000000C  l__GSINIT |    00000018  l__DATA  
     00000021  l__INITIA |    00000021  l__INITIA |    0000007C  l__HEADER
     00000100  s__CODE   |    00000571  l__CODE   |    00000671  s__HOME  
     0000083C  l__HOME   |    00000EAD  s__BASE   |    00000EAD  s__CODE_0
     00000EAD  s__INITIA |    00000EAD  s__LIT    |    00000ECE  s__GSINIT
     00000EDA  s__GSFINA |    0000C000  _shadow_O |    0000C0C0  s__DATA  
     0000C0D8  s__INITIA |    0000C0F9  s__BSEG   |    0000C0F9  s__BSS   
     0000C0F9  s__HEAP   |    0000C0F9  s__HEAP_E |    0000DFF0  .STACK   
ASxxxx Linker V03.00/V05.40 + sdld,  page 2.
Hexadecimal  [32-Bits]

Area                       Addr        Size        Decimal Bytes (Attributes)
--------------------       ----        ----        ------- ----- ------------
_CODE                  00000100    00000571 =        1393. bytes (REL,CON)

        Value  Global            Value  Global            Value  Global    
        -----  ------            -----  ------            -----  ------    
     00000100  _get_syst |    00000128  _main     |    0000017F  _printf  
     000001C9  ___printf |    00000511  _sprintf  |    0000053F  _itoa    
     00000570  _uitoa    |    00000621  ___uitobc |    00000658  ___strrev
     0000065E  ___strrev |    00000670  ___sdcc_c
ASxxxx Linker V03.00/V05.40 + sdld,  page 3.
Hexadecimal  [32-Bits]

Area                       Addr        Size        Decimal Bytes (Attributes)
--------------------       ----        ----        ------- ----- ------------
_HEADER0               00000000    00000006 =           6. bytes (ABS,CON)

        Value  Global            Value  Global            Value  Global    
        -----  ------            -----  ------            -----  ------    
ASxxxx Linker V03.00/V05.40 + sdld,  page 4.
Hexadecimal  [32-Bits]

Area                       Addr        Size        Decimal Bytes (Attributes)
--------------------       ----        ----        ------- ----- ------------
_HEADER1               00000000    00000009 =           9. bytes (ABS,CON)

        Value  Global            Value  Global            Value  Global    
        -----  ------            -----  ------            -----  ------    
     00000010  _WRITE_VD
ASxxxx Linker V03.00/V05.40 + sdld,  page 5.
Hexadecimal  [32-Bits]

Area                       Addr        Size        Decimal Bytes (Attributes)
--------------------       ----        ----        ------- ----- ------------
_HEADER2               00000000    00000009 =           9. bytes (ABS,CON)

        Value  Global            Value  Global            Value  Global    
        -----  ------            -----  ------            -----  ------    
     00000020  _WRITE_VD
ASxxxx Linker V03.00/V05.40 + sdld,  page 6.
Hexadecimal  [32-Bits]

Area                       Addr        Size        Decimal Bytes (Attributes)
--------------------       ----        ----        ------- ----- ------------
_HEADER3               00000000    00000001 =           1. bytes (ABS,CON)

        Value  Global            Value  Global            Value  Global    
        -----  ------            -----  ------            -----  ------    
     00000030  .call_hl 
ASxxxx Linker V03.00/V05.40 + sdld,  page 7.
Hexadecimal  [32-Bits]

Area                       Addr        Size        Decimal Bytes (Attributes)
--------------------       ----        ----        ------- ----- ------------
_HEADER4               00000000    00000003 =           3. bytes (ABS,CON)

        Value  Global            Value  Global            Value  Global    
        -----  ------            -----  ------            -----  ------    
ASxxxx Linker V03.00/V05.40 + sdld,  page 8.
Hexadecimal  [32-Bits]

Area                       Addr        Size        Decimal Bytes (Attributes)
--------------------       ----        ----        ------- ----- ------------
_HEADER5               00000000    00000003 =           3. bytes (ABS,CON)

        Value  Global            Value  Global            Value  Global    
        -----  ------            -----  ------            -----  ------    
ASxxxx Linker V03.00/V05.40 + sdld,  page 9.
Hexadecimal  [32-Bits]

Area                       Addr        Size        Decimal Bytes (Attributes)
--------------------       ----        ----        ------- ----- ------------
_HEADER6               00000000    0000007C =         124. bytes (ABS,CON)

        Value  Global            Value  Global            Value  Global    
        -----  ------            -----  ------            -----  ------    
     00000080  .init    
ASxxxx Linker V03.00/V05.40 + sdld,  page 10.
Hexadecimal  [32-Bits]

Area                       Addr        Size        Decimal Bytes (Attributes)
--------------------       ----        ----        ------- ----- ------------
_HOME                  00000671    0000083C =        2108. bytes (REL,CON)

        Value  Global            Value  Global            Value  Global    
        -----  ------            -----  ------            -----  ------    
     000006A0  .CRT_DEFA |    000006B0  .memset_s |    000006B9  .memcpy_s
     000006BF  .wait_vbl |    000006BF  _vsync    |    000006BF  _wait_vbl
     000006D1  _gotoxy   |    000006E2  _posx     |    000006E9  _posy    
     000006F0  _NMI_ISR  |    000006F2  _font_ini |    000006FF  _font_set
     00000703  font_set  |    0000070C  _font_col |    00000713  font_load
     00000719  _font_loa |    0000071D  font_load |    0000078D  .OUTI128 
     0000080D  .OUTI64   |    0000084D  .OUTI32   |    0000086D  .OUTI16  
     0000088D  .OUTI_END |    0000088E  _set_spri |    0000088E  _set_spri
     00000891  _set_bkg_ |    00000891  _set_bkg_ |    00000891  _set_nati
     000008C5  _INT_ISR  |    0000094C  .remove_L |    0000094C  _remove_L
     0000094F  .add_LCD  |    0000094F  _add_LCD  |    00000953  _add_VBL 
     00000955  .add_VBL  |    00000958  .add_int  |    00000964  _remove_V
     00000966  .remove_V |    00000969  .remove_i |    00000985  _add_JOY 
     00000985  _add_SIO  |    00000985  _add_TIM  |    00000985  _remove_J
     00000985  _remove_S |    00000985  _remove_T |    00000986  _font_ibm
     00000D38  _putchar  |    00000D38  _setchar  |    00000DC5  .memset_s
     00000DCC  _set_tile |    00000E54  .scroll_v
ASxxxx Linker V03.00/V05.40 + sdld,  page 11.
Hexadecimal  [32-Bits]

Area                       Addr        Size        Decimal Bytes (Attributes)
--------------------       ----        ----        ------- ----- ------------
_INITIALIZER           00000EAD    00000021 =          33. bytes (REL,CON)

        Value  Global            Value  Global            Value  Global    
        -----  ------            -----  ------            -----  ------    
ASxxxx Linker V03.00/V05.40 + sdld,  page 12.
Hexadecimal  [32-Bits]

Area                       Addr        Size        Decimal Bytes (Attributes)
--------------------       ----        ----        ------- ----- ------------
_GSINIT                00000ECE    0000000C =          12. bytes (REL,CON)

        Value  Global            Value  Global            Value  Global    
        -----  ------            -----  ------            -----  ------    
     00000ECE  .gsinit  
ASxxxx Linker V03.00/V05.40 + sdld,  page 13.
Hexadecimal  [32-Bits]

Area                       Addr        Size        Decimal Bytes (Attributes)
--------------------       ----        ----        ------- ----- ------------
_GSFINAL               00000EDA    00000001 =           1. bytes (REL,CON)

        Value  Global            Value  Global            Value  Global    
        -----  ------            -----  ------            -----  ------    
ASxxxx Linker V03.00/V05.40 + sdld,  page 14.
Hexadecimal  [32-Bits]

Area                       Addr        Size        Decimal Bytes (Attributes)
--------------------       ----        ----        ------- ----- ------------
_DATA                  0000C0C0    00000018 =          24. bytes (REL,CON)

        Value  Global            Value  Global            Value  Global    
        -----  ------            -----  ------            -----  ------    
     0000C0C0  __BIOS    |    0000C0C1  __SYSTEM  |    0000C0C2  font_curr
ASxxxx Linker V03.00/V05.40 + sdld,  page 15.
Hexadecimal  [32-Bits]

Area                       Addr        Size        Decimal Bytes (Attributes)
--------------------       ----        ----        ------- ----- ------------
_INITIALIZED           0000C0D8    00000021 =          33. bytes (REL,CON)

        Value  Global            Value  Global            Value  Global    
        -----  ------            -----  ------            -----  ------    
     0000C0D8  _shadow_V |    0000C0D9  _shadow_V |    0000C0DA  _shadow_V
     0000C0DB  _shadow_V |    0000C0DC  _shadow_V |    0000C0DD  _shadow_V
     0000C0DE  _shadow_V |    0000C0DF  _shadow_V |    0000C0DF  _shadow_V
     0000C0E0  _shadow_V |    0000C0E0  _shadow_V |    0000C0E1  _shadow_V
     0000C0E1  _shadow_V |    0000C0E2  _shadow_V |    0000C0E3  .shadow_V
     0000C0E3  .sys_time |    0000C0E3  _sys_time |    0000C0E5  .vbl_done
     0000C0E6  .vdp_shif |    0000C0E6  _VDP_ATTR |    0000C0E7  __shadow_
     0000C0E8  __shadow_ |    0000C0E9  __sprites |    0000C0EA  .mode    
     0000C0F5  .fg_colou |    0000C0F5  __current |    0000C0F6  .bg_colou
     0000C0F7  .curx     |    0000C0F8  .cury    
ASxxxx Linker V03.00/V05.40 + sdld,  page 16.

Files Linked                              [ module(s) ]

../../../lib/sms/crt0.o                   [ Runtime ]
obj/sms/display_system.rel                [ display_system ]


Libraries Linked                          [ object file ]

../../../lib/sms/sms.lib                  [ gotoxy.o ]
../../../lib/sms/sms.lib                  [ nmi.o ]
../../../lib/sms/sms.lib                  [ font.o ]
../../../lib/sms/sms.lib                  [ outi.o ]
../../../lib/sms/sms.lib                  [ sms_set_native_data.o ]
../../../lib/sms/sms.lib                  [ sms_int.o ]
../../../lib/sms/sms.lib                  [ color.o ]
../../../lib/sms/sms.lib                  [ f_ibm_sh.o ]
../../../lib/sms/sms.lib                  [ putchar.o ]
../../../lib/sms/sms.lib                  [ memset_small.o ]
../../../lib/z80/z80.lib                  [ printf.o ]
../../../lib/sms/sms.lib                  [ sms_set_1bpp_data.o ]
../../../lib/sms/sms.lib                  [ scroll.o ]
../../../lib/z80/z80.lib                  [ sprintf.o ]
../../../lib/z80/z80.lib                  [ __itoa.o ]
../../../lib/z80/z80.lib                  [ __uitobcd.o ]
../../../lib/z80/z80.lib                  [ __strreverse.o ]
../../../lib/z80/z80.lib                  [ __sdcc_call_hl.o ]

ASxxxx Linker V03.00/V05.40 + sdld,  page 17.

User Base Address Definitions

_DATA=0xC0C0
_CODE=0x0100
ASxxxx Linker V03.00/V05.40 + sdld,  page 18.

User Global Definitions

_shadow_OAM=0xC000
.STACK=0xDFF0

