ASxxxx Linker V03.00/V05.40 + sdld,  page 1.
Hexadecimal  [32-Bits]

Area                       Addr        Size        Decimal Bytes (Attributes)
--------------------       ----        ----        ------- ----- ------------
.  .ABS.               00000000    00000000 =           0. bytes (ABS,CON)

        Value  Global            Value  Global            Value  Global    
        -----  ------            -----  ------            -----  ------    
     00000000  .__.ABS.  |    00000000  _rRAMG    |    00000000  l__BASE  
     00000000  l__BSS    |    00000000  l__CABS   |    00000000  l__CODE_0
     00000000  l__DABS   |    00000000  l__FONT_H |    00000000  l__HEADER
     00000000  l__HEADER |    00000000  l__HEAP   |    00000000  l__HEAP_E
     00000000  l__HRAM   |    00000000  l__LIT    |    00000000  s__CABS  
     00000000  s__DABS   |    00000000  s__FONT_H |    00000000  s__FONT_H
     00000000  s__HEADER |    00000000  s__HEADER |    00000000  s__HEADER
     00000000  s__HEADER |    00000000  s__HEADER |    00000000  s__HEADER
     00000000  s__HEADER |    00000000  s__HEADER |    00000000  s__HEADER
     00000000  s__HEADER |    00000000  s__HEADER |    00000000  s__HRAM  
     00000000  s__HRAM8  |    00000001  _rROMB0   |    00000001  l__GSFINA
     00000001  l__HEADER |    00000001  l__HEADER |    00000003  l__FONT_H
     00000003  l__HEADER |    00000003  l__HEADER |    00000003  l__HRAM8 
     00000005  l__HEADER |    00000007  l__HEADER |    00000008  l__HEADER
     0000000C  l__GSINIT |    00000033  l__DATA   |    00000060  l__HEADER
     00000095  l__INITIA |    00000095  l__INITIA |    0000009C  l__HEADER
     00000200  s__CODE   |    0000087B  l__HOME   |    00002067  l__CODE  
     00002267  s__HOME   |    00002AE2  s__BASE   |    00002AE2  s__CODE_0
     00002AE2  s__INITIA |    00002AE2  s__LIT    |    00002B77  s__GSINIT
     00002B83  s__GSFINA |    00003000  _rROMB1   |    00004000  _rRAMB   
     00008000  __VRAM    |    00008000  __VRAM800 |    00008800  __VRAM880
     00009000  __VRAM900 |    00009800  __SCRN0   |    00009C00  __SCRN1  
     0000A000  __SRAM    |    0000C000  __RAM     |    0000C000  _shadow_O
     0000C0A0  s__DATA   |    0000C0D3  s__BSS    |    0000C0D3  s__INITIA
     0000C168  s__HEAP   |    0000C168  s__HEAP_E |    0000D000  __RAMBANK
     0000E000  .STACK    |    0000FE00  __OAMRAM  |    0000FF00  _P1_REG  
     0000FF00  __IO      |    0000FF01  _SB_REG   |    0000FF02  _SC_REG  
     0000FF04  _DIV_REG  |    0000FF05  _TIMA_REG |    0000FF06  _TMA_REG 
     0000FF07  _TAC_REG  |    0000FF0F  _IF_REG   |    0000FF10  _LCDC_REG
     0000FF11  _STAT_REG |    0000FF12  _SCY_REG  |    0000FF13  _SCX_REG 
     0000FF14  _OBP0_REG |    0000FF15  _OBP1_REG |    0000FF16  _WY_REG  
     0000FF17  _WX_REG   |    0000FF18  _LY_REG   |    0000FF19  _LYC_REG 
     0000FF1A  _DMA_REG  |    0000FF1B  _BGP_REG  |    0000FF20  _NR10_REG
     0000FF21  _NR12_REG |    0000FF22  _NR11_REG |    0000FF23  _NR13_REG
     0000FF24  _NR14_REG |    0000FF25  _NR21_REG |    0000FF27  _NR22_REG
     0000FF28  _NR23_REG |    0000FF29  _NR24_REG |    0000FF2A  _NR30_REG
     0000FF2B  _NR31_REG |    0000FF2C  _NR32_REG |    0000FF2D  _NR34_REG
     0000FF2E  _NR33_REG |    0000FF30  _AUD3WAVE |    0000FF30  _PCM_SAMP
     0000FF30  __AUD3WAV |    0000FF40  _NR41_REG |    0000FF41  _NR43_REG
     0000FF42  _NR42_REG |    0000FF43  _NR44_REG |    0000FF44  _NR50_REG
     0000FF45  _NR52_REG |    0000FF46  _NR51_REG |    0000FF4D  _KEY1_REG
     0000FF4F  _VBK_REG  |    0000FF51  _HDMA1_RE |    0000FF52  _HDMA2_RE
     0000FF53  _HDMA3_RE |    0000FF54  _HDMA4_RE |    0000FF55  _HDMA5_RE
     0000FF56  _RP_REG   |    0000FF68  _BCPS_REG |    0000FF69  _BCPD_REG
     0000FF6A  _OCPS_REG |    0000FF6B  _OCPD_REG |    0000FF70  _SVBK_REG
     0000FF76  _PCM12_RE |    0000FF77  _PCM34_RE |    0000FF80  .refresh_
     0000FF80  __HRAM    |    0000FFFF  _IE_REG  
ASxxxx Linker V03.00/V05.40 + sdld,  page 2.
Hexadecimal  [32-Bits]

Area                       Addr        Size        Decimal Bytes (Attributes)
--------------------       ----        ----        ------- ----- ------------
_CODE                  00000200    00002067 =        8295. bytes (REL,CON)

        Value  Global            Value  Global            Value  Global    
        -----  ------            -----  ------            -----  ------    
     00000200  _clss     |    00000231  _print    |    0000023F  _printn  
     00000298  _hex      |    000002AF  _println  |    000002C3  _NR10    
     000002E1  _frequenc |    00000371  _music    |    000003A2  _params_0
     000003BE  _params_1 |    000003FA  _params_2 |    0000042A  _params_3
     00000452  _params_4 |    000005CC  _NR11     |    000005E2  _NR12    
     00000602  _NR13     |    0000060E  _NR14     |    0000062E  _NR21    
     00000644  _NR22     |    00000664  _NR23     |    00000670  _NR24    
     00000690  _NR30     |    0000069F  _NR31     |    000006AB  _NR32    
     000006BC  _NR33     |    000006C8  _NR34     |    000006E8  _NR41    
     000006F4  _NR42     |    00000714  _NR43     |    00000734  _NR44    
     0000074E  _NR50     |    00000778  _NR51     |    000007CA  _NR52    
     000007D9  _current_ |    00000B98  _update_v |    0000145E  _draw_scr
     000014EB  _play_mus |    0000152A  _show_reg |    000017A1  _dump_reg
     000019F0  _wait_eve |    00001CF9  _main     |    00001DC4  _printf  
     00001DD9  __divsuch |    00001DDF  __modsuch |    00001DE8  __divusch
     00001DF1  __modusch |    00001DFD  __divscha |    00001E02  __modscha
     00001E09  __divsint |    00001E12  __modsint |    00001E1E  __divucha
     00001E23  __moducha |    00001E2A  __divuint |    00001E33  __moduint
     00001E3F  .div8     |    00001E3F  .mod8     |    00001E47  .div16   
     00001E47  .mod16    |    00001E7D  .divu8    |    00001E7D  .modu8   
     00001E80  .divu16   |    00001E80  .modu16   |    00001EC0  ___crlf  
     00001EFB  ___printf |    00002246  _sprintf 
ASxxxx Linker V03.00/V05.40 + sdld,  page 3.
Hexadecimal  [32-Bits]

Area                       Addr        Size        Decimal Bytes (Attributes)
--------------------       ----        ----        ------- ----- ------------
_HEADER0               00000000    00000003 =           3. bytes (ABS,CON)

        Value  Global            Value  Global            Value  Global    
        -----  ------            -----  ------            -----  ------    
ASxxxx Linker V03.00/V05.40 + sdld,  page 4.
Hexadecimal  [32-Bits]

Area                       Addr        Size        Decimal Bytes (Attributes)
--------------------       ----        ----        ------- ----- ------------
_HEADER1               00000000    00000001 =           1. bytes (ABS,CON)

        Value  Global            Value  Global            Value  Global    
        -----  ------            -----  ------            -----  ------    
     00000020  .call_hl 
ASxxxx Linker V03.00/V05.40 + sdld,  page 5.
Hexadecimal  [32-Bits]

Area                       Addr        Size        Decimal Bytes (Attributes)
--------------------       ----        ----        ------- ----- ------------
_HEADER2               00000000    00000005 =           5. bytes (ABS,CON)

        Value  Global            Value  Global            Value  Global    
        -----  ------            -----  ------            -----  ------    
     00000028  .MemsetSm
ASxxxx Linker V03.00/V05.40 + sdld,  page 6.
Hexadecimal  [32-Bits]

Area                       Addr        Size        Decimal Bytes (Attributes)
--------------------       ----        ----        ------- ----- ------------
_HEADER3               00000000    00000007 =           7. bytes (ABS,CON)

        Value  Global            Value  Global            Value  Global    
        -----  ------            -----  ------            -----  ------    
     00000030  .MemcpySm
ASxxxx Linker V03.00/V05.40 + sdld,  page 7.
Hexadecimal  [32-Bits]

Area                       Addr        Size        Decimal Bytes (Attributes)
--------------------       ----        ----        ------- ----- ------------
_HEADER4               00000000    00000008 =           8. bytes (ABS,CON)

        Value  Global            Value  Global            Value  Global    
        -----  ------            -----  ------            -----  ------    
ASxxxx Linker V03.00/V05.40 + sdld,  page 8.
Hexadecimal  [32-Bits]

Area                       Addr        Size        Decimal Bytes (Attributes)
--------------------       ----        ----        ------- ----- ------------
_HEADER5               00000000    00000060 =          96. bytes (ABS,CON)

        Value  Global            Value  Global            Value  Global    
        -----  ------            -----  ------            -----  ------    
     00000080  .int      |    0000008F  _wait_int |    0000009C  __standar
     000000AB  _refresh_ |    000000CC  _set_inte
ASxxxx Linker V03.00/V05.40 + sdld,  page 9.
Hexadecimal  [32-Bits]

Area                       Addr        Size        Decimal Bytes (Attributes)
--------------------       ----        ----        ------- ----- ------------
_HEADER6               00000000    00000001 =           1. bytes (ABS,CON)

        Value  Global            Value  Global            Value  Global    
        -----  ------            -----  ------            -----  ------    
ASxxxx Linker V03.00/V05.40 + sdld,  page 10.
Hexadecimal  [32-Bits]

Area                       Addr        Size        Decimal Bytes (Attributes)
--------------------       ----        ----        ------- ----- ------------
_HEADER7               00000000    0000009C =         156. bytes (ABS,CON)

        Value  Global            Value  Global            Value  Global    
        -----  ------            -----  ------            -----  ------    
     00000150  .code_sta |    00000150  .reset    |    00000150  _reset   
     000001AA  _exit     |    000001AE  .wait_vbl |    000001AE  _vsync   
     000001AE  _wait_vbl |    000001BE  .remove_V |    000001BE  _remove_V
     000001C1  .remove_i |    000001DE  .add_VBL  |    000001DE  _add_VBL 
     000001E1  .add_int 
ASxxxx Linker V03.00/V05.40 + sdld,  page 11.
Hexadecimal  [32-Bits]

Area                       Addr        Size        Decimal Bytes (Attributes)
--------------------       ----        ----        ------- ----- ------------
_HOME                  00002267    0000087B =        2171. bytes (REL,CON)

        Value  Global            Value  Global            Value  Global    
        -----  ------            -----  ------            -----  ------    
     00002267  .memset_s |    00002270  .memcpy_s |    0000228D  .display_
     0000228D  _display_ |    000022A5  _font_loa |    000022AC  font_load
     000022F4  font_copy |    0000232A  font_set  |    00002337  .put_char
     0000234F  .out_char |    00002355  .del_char |    000023AB  _putchar 
     000023B4  _setchar  |    000023BD  _font_loa |    000023CB  _font_set
     000023DA  _font_ini |    000023F9  .cls      |    000023F9  _cls     
     0000241B  _gotoxy   |    00002426  _posx     |    00002437  _posy    
     0000245F  .cr_curs  |    00002474  .adv_curs |    000024D0  .tmode   
     000024ED  .tmode_ou |    000024F6  .padup    |    000024F6  _waitpadu
     00002506  .jpad     |    00002506  _joypad   |    0000252E  _waitpad 
     0000252F  .wait_pad |    00002536  _color    |    00002536  _set_1bpp
     00002545  _puts     |    00002568  .drawing_ |    00002585  _font_ibm
     00002966  .add_LCD  |    00002966  _add_LCD  |    0000296C  .remove_L
     0000296C  _remove_L |    00002972  .delay    |    00002972  _delay   
     0000299E  _set_tile |    000029A3  _set_bkg_ |    000029A3  _set_win_
     000029AB  _set_spri |    000029DB  _set_bkg_ |    000029DB  _set_win_
     000029E3  _set_spri |    00002A3B  _uitoa    |    00002A4A  _itoa    
     00002A59  .itoa     |    00002A6D  .utoa     |    00002AE1  ___sdcc_c
ASxxxx Linker V03.00/V05.40 + sdld,  page 12.
Hexadecimal  [32-Bits]

Area                       Addr        Size        Decimal Bytes (Attributes)
--------------------       ----        ----        ------- ----- ------------
_INITIALIZER           00002AE2    00000095 =         149. bytes (REL,CON)

        Value  Global            Value  Global            Value  Global    
        -----  ------            -----  ------            -----  ------    
ASxxxx Linker V03.00/V05.40 + sdld,  page 13.
Hexadecimal  [32-Bits]

Area                       Addr        Size        Decimal Bytes (Attributes)
--------------------       ----        ----        ------- ----- ------------
_GSINIT                00002B77    0000000C =          12. bytes (REL,CON)

        Value  Global            Value  Global            Value  Global    
        -----  ------            -----  ------            -----  ------    
     00002B77  gsinit   
ASxxxx Linker V03.00/V05.40 + sdld,  page 14.
Hexadecimal  [32-Bits]

Area                       Addr        Size        Decimal Bytes (Attributes)
--------------------       ----        ----        ------- ----- ------------
_GSFINAL               00002B83    00000001 =           1. bytes (REL,CON)

        Value  Global            Value  Global            Value  Global    
        -----  ------            -----  ------            -----  ------    
ASxxxx Linker V03.00/V05.40 + sdld,  page 15.
Hexadecimal  [32-Bits]

Area                       Addr        Size        Decimal Bytes (Attributes)
--------------------       ----        ----        ------- ----- ------------
_DATA                  0000C0A0    00000033 =          51. bytes (REL,CON)

        Value  Global            Value  Global            Value  Global    
        -----  ------            -----  ------            -----  ------    
     0000C0A0  __cpu     |    0000C0A1  __is_GBA  |    0000C0A2  .mode    
     0000C0A3  .sys_time |    0000C0A3  _sys_time |    0000C0A5  .int_0x40
     0000C0B1  _params   |    0000C0B3  _soundReg |    0000C0B5  font_curr
     0000C0B8  font_firs |    0000C0B9  font_tabl |    0000C0CB  .int_0x48
ASxxxx Linker V03.00/V05.40 + sdld,  page 16.
Hexadecimal  [32-Bits]

Area                       Addr        Size        Decimal Bytes (Attributes)
--------------------       ----        ----        ------- ----- ------------
_INITIALIZED           0000C0D3    00000095 =         149. bytes (REL,CON)

        Value  Global            Value  Global            Value  Global    
        -----  ------            -----  ------            -----  ------    
     0000C0D3  _previous |    0000C0D4  _keys     |    0000C0D5  _params_a
     0000C0DF  _s        |    0000C163  .curx     |    0000C164  .cury    
     0000C165  .fg_colou |    0000C165  __current |    0000C166  .bg_colou
     0000C167  .draw_mod
ASxxxx Linker V03.00/V05.40 + sdld,  page 17.
Hexadecimal  [32-Bits]

Area                       Addr        Size        Decimal Bytes (Attributes)
--------------------       ----        ----        ------- ----- ------------
_HRAM8                 00000000    00000003 =           3. bytes (ABS,CON)

        Value  Global            Value  Global            Value  Global    
        -----  ------            -----  ------            -----  ------    
     0000FF90  __current |    0000FF92  __shadow_
ASxxxx Linker V03.00/V05.40 + sdld,  page 18.
Hexadecimal  [32-Bits]

Area                       Addr        Size        Decimal Bytes (Attributes)
--------------------       ----        ----        ------- ----- ------------
_FONT_HEADER0          00000000    00000003 =           3. bytes (ABS,CON)

        Value  Global            Value  Global            Value  Global    
        -----  ------            -----  ------            -----  ------    
ASxxxx Linker V03.00/V05.40 + sdld,  page 19.
Hexadecimal  [32-Bits]

Area                       Addr        Size        Decimal Bytes (Attributes)
--------------------       ----        ----        ------- ----- ------------
_HEADER_LCD0           00000000    00000003 =           3. bytes (ABS,CON)

        Value  Global            Value  Global            Value  Global    
        -----  ------            -----  ------            -----  ------    
ASxxxx Linker V03.00/V05.40 + sdld,  page 20.

Files Linked                              [ module(s) ]

../../../lib/duck/crt0.o                  [ Runtime ]
/tmp/lcc164330.o                          [ sound ]


Libraries Linked                          [ object file ]

../../../lib/duck/duck.lib                [ font.o ]
../../../lib/duck/duck.lib                [ sfr.o ]
../../../lib/duck/duck.lib                [ pad.o ]
../../../lib/duck/duck.lib                [ color.o ]
../../../lib/sm83/sm83.lib                [ puts.o ]
../../../lib/duck/duck.lib                [ drawing_isr.o ]
../../../lib/duck/duck.lib                [ f_ibm_sh.o ]
../../../lib/duck/duck.lib                [ lcd.o ]
../../../lib/duck/duck.lib                [ delay.o ]
../../../lib/sm83/sm83.lib                [ printf.o ]
../../../lib/duck/duck.lib                [ set_data.o ]
../../../lib/sm83/sm83.lib                [ div.o ]
../../../lib/duck/duck.lib                [ crlf.o ]
../../../lib/duck/duck.lib                [ set_1bit_data.o ]
../../../lib/sm83/sm83.lib                [ sprintf.o ]
../../../lib/sm83/sm83.lib                [ itoa.o ]
../../../lib/sm83/sm83.lib                [ __sdcc_call_hl.o ]

ASxxxx Linker V03.00/V05.40 + sdld,  page 21.

User Base Address Definitions

_DATA=0xC0A0
_CODE=0x0200
ASxxxx Linker V03.00/V05.40 + sdld,  page 22.

User Global Definitions

_shadow_OAM=0xC000
.STACK=0xE000
.refresh_OAM=0xFF80

