ASxxxx Linker V03.00/V05.40 + sdld,  page 1.
Hexadecimal  [32-Bits]

Area                       Addr        Size        Decimal Bytes (Attributes)
--------------------       ----        ----        ------- ----- ------------
.  .ABS.               00000000    00000000 =           0. bytes (ABS,CON)

        Value  Global            Value  Global            Value  Global    
        -----  ------            -----  ------            -----  ------    
     00000000  .__.ABS.  |    00000000  ___bank_G |    00000000  l__BASE  
     00000000  l__BSEG   |    00000000  l__BSS    |    00000000  l__CABS  
     00000000  l__CODE_0 |    00000000  l__DABS   |    00000000  l__HEADER
     00000000  l__HEAP   |    00000000  l__HEAP_E |    00000000  l__LIT   
     00000000  s__CABS   |    00000000  s__DABS   |    00000000  s__HEADER
     00000000  s__HEADER |    00000000  s__HEADER |    00000000  s__HEADER
     00000000  s__HEADER |    00000000  s__HEADER |    00000000  s__HEADER
     00000000  s__HEADER |    00000001  l__GSFINA |    00000001  l__HEADER
     00000002  l__DATA   |    00000003  l__HEADER |    00000003  l__HEADER
     00000006  l__HEADER |    00000009  l__HEADER |    00000009  l__HEADER
     0000000C  l__GSINIT |    0000001D  l__INITIA |    0000001D  l__INITIA
     00000071  l__HEADER |    00000100  s__CODE   |    000004B6  l__HOME  
     00000870  l__CODE   |    00000970  s__HOME   |    00000E26  s__BASE  
     00000E26  s__CODE_0 |    00000E26  s__INITIA |    00000E26  s__LIT   
     00000E43  s__GSINIT |    00000E4F  s__GSFINA |    0000C000  _shadow_O
     0000C0C0  s__DATA   |    0000C0C2  s__INITIA |    0000C0DF  s__BSEG  
     0000C0DF  s__BSS    |    0000C0DF  s__HEAP   |    0000C0DF  s__HEAP_E
     0000DFF0  .STACK   
ASxxxx Linker V03.00/V05.40 + sdld,  page 2.
Hexadecimal  [32-Bits]

Area                       Addr        Size        Decimal Bytes (Attributes)
--------------------       ----        ----        ------- ----- ------------
_CODE                  00000100    00000870 =        2160. bytes (REL,CON)

        Value  Global            Value  Global            Value  Global    
        -----  ------            -----  ------            -----  ------    
     00000100  _GBDK_202 |    00000100  ___func_G |    00000120  _GBDK_202
     00000640  _GBDK_202 |    00000910  _main    
ASxxxx Linker V03.00/V05.40 + sdld,  page 3.
Hexadecimal  [32-Bits]

Area                       Addr        Size        Decimal Bytes (Attributes)
--------------------       ----        ----        ------- ----- ------------
_HEADER0               00000000    00000006 =           6. bytes (ABS,CON)

        Value  Global            Value  Global            Value  Global    
        -----  ------            -----  ------            -----  ------    
ASxxxx Linker V03.00/V05.40 + sdld,  page 4.
Hexadecimal  [32-Bits]

Area                       Addr        Size        Decimal Bytes (Attributes)
--------------------       ----        ----        ------- ----- ------------
_HEADER1               00000000    00000009 =           9. bytes (ABS,CON)

        Value  Global            Value  Global            Value  Global    
        -----  ------            -----  ------            -----  ------    
     00000010  _WRITE_VD
ASxxxx Linker V03.00/V05.40 + sdld,  page 5.
Hexadecimal  [32-Bits]

Area                       Addr        Size        Decimal Bytes (Attributes)
--------------------       ----        ----        ------- ----- ------------
_HEADER2               00000000    00000009 =           9. bytes (ABS,CON)

        Value  Global            Value  Global            Value  Global    
        -----  ------            -----  ------            -----  ------    
     00000020  _WRITE_VD
ASxxxx Linker V03.00/V05.40 + sdld,  page 6.
Hexadecimal  [32-Bits]

Area                       Addr        Size        Decimal Bytes (Attributes)
--------------------       ----        ----        ------- ----- ------------
_HEADER3               00000000    00000001 =           1. bytes (ABS,CON)

        Value  Global            Value  Global            Value  Global    
        -----  ------            -----  ------            -----  ------    
     00000030  .call_hl 
ASxxxx Linker V03.00/V05.40 + sdld,  page 7.
Hexadecimal  [32-Bits]

Area                       Addr        Size        Decimal Bytes (Attributes)
--------------------       ----        ----        ------- ----- ------------
_HEADER4               00000000    00000003 =           3. bytes (ABS,CON)

        Value  Global            Value  Global            Value  Global    
        -----  ------            -----  ------            -----  ------    
ASxxxx Linker V03.00/V05.40 + sdld,  page 8.
Hexadecimal  [32-Bits]

Area                       Addr        Size        Decimal Bytes (Attributes)
--------------------       ----        ----        ------- ----- ------------
_HEADER5               00000000    00000003 =           3. bytes (ABS,CON)

        Value  Global            Value  Global            Value  Global    
        -----  ------            -----  ------            -----  ------    
ASxxxx Linker V03.00/V05.40 + sdld,  page 9.
Hexadecimal  [32-Bits]

Area                       Addr        Size        Decimal Bytes (Attributes)
--------------------       ----        ----        ------- ----- ------------
_HEADER6               00000000    00000071 =         113. bytes (ABS,CON)

        Value  Global            Value  Global            Value  Global    
        -----  ------            -----  ------            -----  ------    
     00000080  .init    
ASxxxx Linker V03.00/V05.40 + sdld,  page 10.
Hexadecimal  [32-Bits]

Area                       Addr        Size        Decimal Bytes (Attributes)
--------------------       ----        ----        ------- ----- ------------
_HOME                  00000970    000004B6 =        1206. bytes (REL,CON)

        Value  Global            Value  Global            Value  Global    
        -----  ------            -----  ------            -----  ------    
     0000099F  .CRT_DEFA |    000009BF  .memset_s |    000009C8  .memcpy_s
     000009CE  .wait_vbl |    000009CE  _vsync    |    000009CE  _wait_vbl
     000009E0  _NMI_ISR  |    000009E2  .OUTI128  |    00000A62  .OUTI64  
     00000AA2  .OUTI32   |    00000AC2  .OUTI16   |    00000AE2  .OUTI_END
     00000AE3  _set_tile |    00000B41  _INT_ISR  |    00000BC8  .remove_L
     00000BC8  _remove_L |    00000BCB  .add_LCD  |    00000BCB  _add_LCD 
     00000BCF  _add_VBL  |    00000BD1  .add_VBL  |    00000BD4  .add_int 
     00000BE0  _remove_V |    00000BE2  .remove_V |    00000BE5  .remove_i
     00000C01  _add_JOY  |    00000C01  _add_SIO  |    00000C01  _add_TIM 
     00000C01  _remove_J |    00000C01  _remove_S |    00000C01  _remove_T
     00000C02  _set_spri |    00000C02  _set_spri |    00000C05  _set_bkg_
     00000C05  _set_bkg_ |    00000C05  _set_nati |    00000C39  .set_tile
     00000C44  .set_tile |    00000CD3  _fill_rec |    00000D31  _set_pale
     00000D55  _set_pale |    00000D88  .fill_rec |    00000D93  .fill_rec
ASxxxx Linker V03.00/V05.40 + sdld,  page 11.
Hexadecimal  [32-Bits]

Area                       Addr        Size        Decimal Bytes (Attributes)
--------------------       ----        ----        ------- ----- ------------
_INITIALIZER           00000E26    0000001D =          29. bytes (REL,CON)

        Value  Global            Value  Global            Value  Global    
        -----  ------            -----  ------            -----  ------    
ASxxxx Linker V03.00/V05.40 + sdld,  page 12.
Hexadecimal  [32-Bits]

Area                       Addr        Size        Decimal Bytes (Attributes)
--------------------       ----        ----        ------- ----- ------------
_GSINIT                00000E43    0000000C =          12. bytes (REL,CON)

        Value  Global            Value  Global            Value  Global    
        -----  ------            -----  ------            -----  ------    
     00000E43  .gsinit  
ASxxxx Linker V03.00/V05.40 + sdld,  page 13.
Hexadecimal  [32-Bits]

Area                       Addr        Size        Decimal Bytes (Attributes)
--------------------       ----        ----        ------- ----- ------------
_GSFINAL               00000E4F    00000001 =           1. bytes (REL,CON)

        Value  Global            Value  Global            Value  Global    
        -----  ------            -----  ------            -----  ------    
ASxxxx Linker V03.00/V05.40 + sdld,  page 14.
Hexadecimal  [32-Bits]

Area                       Addr        Size        Decimal Bytes (Attributes)
--------------------       ----        ----        ------- ----- ------------
_DATA                  0000C0C0    00000002 =           2. bytes (REL,CON)

        Value  Global            Value  Global            Value  Global    
        -----  ------            -----  ------            -----  ------    
     0000C0C0  __BIOS    |    0000C0C1  __SYSTEM 
ASxxxx Linker V03.00/V05.40 + sdld,  page 15.
Hexadecimal  [32-Bits]

Area                       Addr        Size        Decimal Bytes (Attributes)
--------------------       ----        ----        ------- ----- ------------
_INITIALIZED           0000C0C2    0000001D =          29. bytes (REL,CON)

        Value  Global            Value  Global            Value  Global    
        -----  ------            -----  ------            -----  ------    
     0000C0C2  _shadow_V |    0000C0C3  _shadow_V |    0000C0C4  _shadow_V
     0000C0C5  _shadow_V |    0000C0C6  _shadow_V |    0000C0C7  _shadow_V
     0000C0C8  _shadow_V |    0000C0C9  _shadow_V |    0000C0C9  _shadow_V
     0000C0CA  _shadow_V |    0000C0CA  _shadow_V |    0000C0CB  _shadow_V
     0000C0CB  _shadow_V |    0000C0CC  _shadow_V |    0000C0CD  .shadow_V
     0000C0CD  .sys_time |    0000C0CD  _sys_time |    0000C0CF  .vbl_done
     0000C0D0  .vdp_shif |    0000C0D0  _VDP_ATTR |    0000C0D1  __shadow_
     0000C0D2  __shadow_ |    0000C0D3  __sprites |    0000C0D4  .mode    
ASxxxx Linker V03.00/V05.40 + sdld,  page 16.

Files Linked                              [ module(s) ]

../../../lib/gg/crt0.o                    [ Runtime ]
obj/gg/GBDK_2020_logo.o                   [ GBDK_2020_logo ]
obj/gg/main.o                             [ main ]


Libraries Linked                          [ object file ]

../../../lib/gg/gg.lib                    [ nmi.o ]
../../../lib/gg/gg.lib                    [ outi.o ]
../../../lib/gg/gg.lib                    [ set_tile_map.o ]
../../../lib/gg/gg.lib                    [ sms_int.o ]
../../../lib/gg/gg.lib                    [ sms_set_native_data.o ]
../../../lib/gg/gg.lib                    [ set_tile_map_xy.o ]
../../../lib/gg/gg.lib                    [ sms_fill_rect_compat.o ]
../../../lib/gg/gg.lib                    [ palette.o ]
../../../lib/gg/gg.lib                    [ sms_fill_rect_xy_compat.o ]

ASxxxx Linker V03.00/V05.40 + sdld,  page 17.

User Base Address Definitions

_DATA=0xC0C0
_CODE=0x0100
ASxxxx Linker V03.00/V05.40 + sdld,  page 18.

User Global Definitions

_shadow_OAM=0xC000
.STACK=0xDFF0

