ASxxxx Linker V03.00/V05.40 + sdld,  page 1.
Hexadecimal  [32-Bits]

Area                       Addr        Size        Decimal Bytes (Attributes)
--------------------       ----        ----        ------- ----- ------------
.  .ABS.               00000000    00000000 =           0. bytes (ABS,CON)

        Value  Global            Value  Global            Value  Global    
        -----  ------            -----  ------            -----  ------    
     00000000  .__.ABS.  |    00000000  l__BASE   |    00000000  l__BSEG  
     00000000  l__BSS    |    00000000  l__CABS   |    00000000  l__CODE_0
     00000000  l__DABS   |    00000000  l__HEADER |    00000000  l__HEAP  
     00000000  l__HEAP_E |    00000000  l__LIT    |    00000000  s__CABS  
     00000000  s__DABS   |    00000000  s__HEADER |    00000000  s__HEADER
     00000000  s__HEADER |    00000000  s__HEADER |    00000000  s__HEADER
     00000000  s__HEADER |    00000000  s__HEADER |    00000000  s__HEADER
     00000001  l__GSFINA |    00000001  l__HEADER |    00000003  l__HEADER
     00000003  l__HEADER |    00000006  l__HEADER |    00000009  l__HEADER
     00000009  l__HEADER |    0000000C  l__GSINIT |    00000018  l__DATA  
     00000021  l__INITIA |    00000021  l__INITIA |    00000071  l__HEADER
     00000100  s__CODE   |    000007EE  l__CODE   |    00000866  l__HOME  
     000008EE  s__HOME   |    00001154  s__BASE   |    00001154  s__CODE_0
     00001154  s__INITIA |    00001154  s__LIT    |    00001175  s__GSINIT
     00001181  s__GSFINA |    0000C000  _shadow_O |    0000C0C0  s__DATA  
     0000C0D8  s__INITIA |    0000C0F9  s__BSEG   |    0000C0F9  s__BSS   
     0000C0F9  s__HEAP   |    0000C0F9  s__HEAP_E |    0000DFF0  .STACK   
ASxxxx Linker V03.00/V05.40 + sdld,  page 2.
Hexadecimal  [32-Bits]

Area                       Addr        Size        Decimal Bytes (Attributes)
--------------------       ----        ----        ------- ----- ------------
_CODE                  00000100    000007EE =        2030. bytes (REL,CON)

        Value  Global            Value  Global            Value  Global    
        -----  ------            -----  ------            -----  ------    
     00000100  _main     |    000003F8  _printf   |    00000410  ___crlf  
     00000446  ___printf |    0000078E  _sprintf  |    000007BC  _itoa    
     000007ED  _uitoa    |    0000089E  ___uitobc |    000008D5  ___strrev
     000008DB  ___strrev |    000008ED  ___sdcc_c
ASxxxx Linker V03.00/V05.40 + sdld,  page 3.
Hexadecimal  [32-Bits]

Area                       Addr        Size        Decimal Bytes (Attributes)
--------------------       ----        ----        ------- ----- ------------
_HEADER0               00000000    00000006 =           6. bytes (ABS,CON)

        Value  Global            Value  Global            Value  Global    
        -----  ------            -----  ------            -----  ------    
ASxxxx Linker V03.00/V05.40 + sdld,  page 4.
Hexadecimal  [32-Bits]

Area                       Addr        Size        Decimal Bytes (Attributes)
--------------------       ----        ----        ------- ----- ------------
_HEADER1               00000000    00000009 =           9. bytes (ABS,CON)

        Value  Global            Value  Global            Value  Global    
        -----  ------            -----  ------            -----  ------    
     00000010  _WRITE_VD
ASxxxx Linker V03.00/V05.40 + sdld,  page 5.
Hexadecimal  [32-Bits]

Area                       Addr        Size        Decimal Bytes (Attributes)
--------------------       ----        ----        ------- ----- ------------
_HEADER2               00000000    00000009 =           9. bytes (ABS,CON)

        Value  Global            Value  Global            Value  Global    
        -----  ------            -----  ------            -----  ------    
     00000020  _WRITE_VD
ASxxxx Linker V03.00/V05.40 + sdld,  page 6.
Hexadecimal  [32-Bits]

Area                       Addr        Size        Decimal Bytes (Attributes)
--------------------       ----        ----        ------- ----- ------------
_HEADER3               00000000    00000001 =           1. bytes (ABS,CON)

        Value  Global            Value  Global            Value  Global    
        -----  ------            -----  ------            -----  ------    
     00000030  .call_hl 
ASxxxx Linker V03.00/V05.40 + sdld,  page 7.
Hexadecimal  [32-Bits]

Area                       Addr        Size        Decimal Bytes (Attributes)
--------------------       ----        ----        ------- ----- ------------
_HEADER4               00000000    00000003 =           3. bytes (ABS,CON)

        Value  Global            Value  Global            Value  Global    
        -----  ------            -----  ------            -----  ------    
ASxxxx Linker V03.00/V05.40 + sdld,  page 8.
Hexadecimal  [32-Bits]

Area                       Addr        Size        Decimal Bytes (Attributes)
--------------------       ----        ----        ------- ----- ------------
_HEADER5               00000000    00000003 =           3. bytes (ABS,CON)

        Value  Global            Value  Global            Value  Global    
        -----  ------            -----  ------            -----  ------    
ASxxxx Linker V03.00/V05.40 + sdld,  page 9.
Hexadecimal  [32-Bits]

Area                       Addr        Size        Decimal Bytes (Attributes)
--------------------       ----        ----        ------- ----- ------------
_HEADER6               00000000    00000071 =         113. bytes (ABS,CON)

        Value  Global            Value  Global            Value  Global    
        -----  ------            -----  ------            -----  ------    
     00000080  .init    
ASxxxx Linker V03.00/V05.40 + sdld,  page 10.
Hexadecimal  [32-Bits]

Area                       Addr        Size        Decimal Bytes (Attributes)
--------------------       ----        ----        ------- ----- ------------
_HOME                  000008EE    00000866 =        2150. bytes (REL,CON)

        Value  Global            Value  Global            Value  Global    
        -----  ------            -----  ------            -----  ------    
     0000091D  .CRT_DEFA |    0000093D  .memset_s |    00000946  .memcpy_s
     0000094C  .wait_vbl |    0000094C  _vsync    |    0000094C  _wait_vbl
     0000095E  _NMI_ISR  |    00000960  .OUTI128  |    000009E0  .OUTI64  
     00000A20  .OUTI32   |    00000A40  .OUTI16   |    00000A60  .OUTI_END
     00000A61  _INT_ISR  |    00000AE8  .remove_L |    00000AE8  _remove_L
     00000AEB  .add_LCD  |    00000AEB  _add_LCD  |    00000AEF  _add_VBL 
     00000AF1  .add_VBL  |    00000AF4  .add_int  |    00000B00  _remove_V
     00000B02  .remove_V |    00000B05  .remove_i |    00000B21  _add_JOY 
     00000B21  _add_SIO  |    00000B21  _add_TIM  |    00000B21  _remove_J
     00000B21  _remove_S |    00000B21  _remove_T |    00000B22  _puts    
     00000B42  _EMU_prin |    00000B53  _EMU_fmtb |    00000B5B  _putchar 
     00000B5B  _setchar  |    00000BE8  _font_ini |    00000BF5  _font_set
     00000BF9  font_set  |    00000C02  _font_col |    00000C09  font_load
     00000C0F  _font_loa |    00000C13  font_load |    00000C83  .scroll_v
     00000CDC  _font_ibm |    0000108E  .memset_s |    00001095  _set_tile
     0000111D  _set_spri |    0000111D  _set_spri |    00001120  _set_bkg_
     00001120  _set_bkg_ |    00001120  _set_nati
ASxxxx Linker V03.00/V05.40 + sdld,  page 11.
Hexadecimal  [32-Bits]

Area                       Addr        Size        Decimal Bytes (Attributes)
--------------------       ----        ----        ------- ----- ------------
_INITIALIZER           00001154    00000021 =          33. bytes (REL,CON)

        Value  Global            Value  Global            Value  Global    
        -----  ------            -----  ------            -----  ------    
ASxxxx Linker V03.00/V05.40 + sdld,  page 12.
Hexadecimal  [32-Bits]

Area                       Addr        Size        Decimal Bytes (Attributes)
--------------------       ----        ----        ------- ----- ------------
_GSINIT                00001175    0000000C =          12. bytes (REL,CON)

        Value  Global            Value  Global            Value  Global    
        -----  ------            -----  ------            -----  ------    
     00001175  .gsinit  
ASxxxx Linker V03.00/V05.40 + sdld,  page 13.
Hexadecimal  [32-Bits]

Area                       Addr        Size        Decimal Bytes (Attributes)
--------------------       ----        ----        ------- ----- ------------
_GSFINAL               00001181    00000001 =           1. bytes (REL,CON)

        Value  Global            Value  Global            Value  Global    
        -----  ------            -----  ------            -----  ------    
ASxxxx Linker V03.00/V05.40 + sdld,  page 14.
Hexadecimal  [32-Bits]

Area                       Addr        Size        Decimal Bytes (Attributes)
--------------------       ----        ----        ------- ----- ------------
_DATA                  0000C0C0    00000018 =          24. bytes (REL,CON)

        Value  Global            Value  Global            Value  Global    
        -----  ------            -----  ------            -----  ------    
     0000C0C0  __BIOS    |    0000C0C1  __SYSTEM  |    0000C0C2  font_curr
ASxxxx Linker V03.00/V05.40 + sdld,  page 15.
Hexadecimal  [32-Bits]

Area                       Addr        Size        Decimal Bytes (Attributes)
--------------------       ----        ----        ------- ----- ------------
_INITIALIZED           0000C0D8    00000021 =          33. bytes (REL,CON)

        Value  Global            Value  Global            Value  Global    
        -----  ------            -----  ------            -----  ------    
     0000C0D8  _shadow_V |    0000C0D9  _shadow_V |    0000C0DA  _shadow_V
     0000C0DB  _shadow_V |    0000C0DC  _shadow_V |    0000C0DD  _shadow_V
     0000C0DE  _shadow_V |    0000C0DF  _shadow_V |    0000C0DF  _shadow_V
     0000C0E0  _shadow_V |    0000C0E0  _shadow_V |    0000C0E1  _shadow_V
     0000C0E1  _shadow_V |    0000C0E2  _shadow_V |    0000C0E3  .shadow_V
     0000C0E3  .sys_time |    0000C0E3  _sys_time |    0000C0E5  .vbl_done
     0000C0E6  .vdp_shif |    0000C0E6  _VDP_ATTR |    0000C0E7  __shadow_
     0000C0E8  __shadow_ |    0000C0E9  __sprites |    0000C0EA  .mode    
     0000C0F5  .curx     |    0000C0F6  .cury     |    0000C0F7  .fg_colou
     0000C0F7  __current |    0000C0F8  .bg_colou
ASxxxx Linker V03.00/V05.40 + sdld,  page 16.

Files Linked                              [ module(s) ]

../../../lib/gg/crt0.o                    [ Runtime ]
obj/gg/emu_debug.rel                      [ emu_debug ]


Libraries Linked                          [ object file ]

../../../lib/gg/gg.lib                    [ nmi.o ]
../../../lib/gg/gg.lib                    [ outi.o ]
../../../lib/gg/gg.lib                    [ sms_int.o ]
../../../lib/z80/z80.lib                  [ puts.o ]
../../../lib/z80/z80.lib                  [ printf.o ]
../../../lib/gg/gg.lib                    [ emu_debug_printf.o ]
../../../lib/gg/gg.lib                    [ crlf.o ]
../../../lib/gg/gg.lib                    [ putchar.o ]
../../../lib/gg/gg.lib                    [ font.o ]
../../../lib/gg/gg.lib                    [ scroll.o ]
../../../lib/gg/gg.lib                    [ color.o ]
../../../lib/gg/gg.lib                    [ f_ibm_sh.o ]
../../../lib/z80/z80.lib                  [ sprintf.o ]
../../../lib/gg/gg.lib                    [ memset_small.o ]
../../../lib/z80/z80.lib                  [ __itoa.o ]
../../../lib/gg/gg.lib                    [ sms_set_1bpp_data.o ]
../../../lib/z80/z80.lib                  [ __uitobcd.o ]
../../../lib/z80/z80.lib                  [ __strreverse.o ]
../../../lib/gg/gg.lib                    [ sms_set_native_data.o ]
../../../lib/z80/z80.lib                  [ __sdcc_call_hl.o ]

ASxxxx Linker V03.00/V05.40 + sdld,  page 17.

User Base Address Definitions

_DATA=0xC0C0
_CODE=0x0100
ASxxxx Linker V03.00/V05.40 + sdld,  page 18.

User Global Definitions

_shadow_OAM=0xC000
.STACK=0xDFF0

