ASxxxx Linker V03.00/V05.40 + sdld,  page 1.
Hexadecimal  [32-Bits]

Area                       Addr        Size        Decimal Bytes (Attributes)
--------------------       ----        ----        ------- ----- ------------
_FONT_HEADER0          00000000    00000003 =           3. bytes (ABS,CON)

        Value  Global            Value  Global            Value  Global    
        -----  ------            -----  ------            -----  ------    
     00000000  l_VECTORS |    00000000  l__BASE   |    00000000  l__CABS  
     00000000  l__DABS   |    00000000  l__FONT_H |    00000000  l__GSFINA
     00000000  l__GSINIT |    00000000  l__HEAP   |    00000000  l__HEAP_E
     00000000  l__INITIA |    00000000  l__INITIA |    00000000  l__LIT   
     00000000  l__OSEG   |    00000000  l__RODATA |    00000000  s_OSEG   
     00000000  s_VECTORS |    00000000  s_VECTORS |    00000000  s__CABS  
     00000000  s__DABS   |    00000000  s__FONT_H |    00000000  s__FONT_H
     00000003  l__FONT_H |    00000004  l_OSEG    |    00000006  l_VECTORS
     0000000B  l__DATA   |    0000000B  l__XINIT  |    0000000D  l_GBDKOVR
     00000010  s_GBDKOVR |    00000020  s__ZP     |    00000037  l__ZP    
     00000057  s__OSEG   |    0000007E  l__BSS    |    00000300  s__DATA  
     0000030B  s__BSS    |    00000389  s__HEAP   |    00000389  s__HEAP_E
     00000389  s__INITIA |    00000D5B  l__CODE   |    00000F6F  l__HOME  
     0000C000  s__CODE   |    0000CD5B  s__HOME   |    0000DCCA  s__BASE  
     0000DCCA  s__INITIA |    0000DCCA  s__LIT    |    0000DCCA  s__RODATA
     0000DCCA  s__XINIT  |    0000DCD5  s__GSFINA |    0000DCD5  s__GSINIT
ASxxxx Linker V03.00/V05.40 + sdld,  page 2.
Hexadecimal  [32-Bits]

Area                       Addr        Size        Decimal Bytes (Attributes)
--------------------       ----        ----        ------- ----- ------------
VECTORS0               00000000    00000006 =           6. bytes (ABS,CON)

        Value  Global            Value  Global            Value  Global    
        -----  ------            -----  ------            -----  ------    
ASxxxx Linker V03.00/V05.40 + sdld,  page 3.
Hexadecimal  [32-Bits]

Area                       Addr        Size        Decimal Bytes (Attributes)
--------------------       ----        ----        ------- ----- ------------
.  .ABS.               00000000    00000000 =           0. bytes (ABS,CON)

        Value  Global            Value  Global            Value  Global    
        -----  ------            -----  ------            -----  ------    
     00000000  .__.ABS.  |    00000100  __vram_tr |    00000188  _attribut
     00000200  _shadow_O |    00002000  _PPUCTRL  |    00002001  _PPUMASK 
     00002002  _PPUSTATU |    00002003  _OAMADDR  |    00002004  _OAMDATA 
     00002005  _PPUSCROL |    00002006  _PPUADDR  |    00002007  _PPUDATA 
     00004014  _OAMDMA  
ASxxxx Linker V03.00/V05.40 + sdld,  page 4.
Hexadecimal  [32-Bits]

Area                       Addr        Size        Decimal Bytes (Attributes)
--------------------       ----        ----        ------- ----- ------------
_CODE                  0000C000    00000D5B =        3419. bytes (REL,CON)

        Value  Global            Value  Global            Value  Global    
        -----  ------            -----  ------            -----  ------    
     0000C000  .identity |    0000C000  _identity |    0000C1C2  .delay_to
     0000C358  .wait_vbl |    0000C358  _vsync    |    0000C358  _wait_vbl
     0000C3D8  .display_ |    0000C3D8  _display_ |    0000C3E5  .display_
     0000C3E5  _display_ |    0000C4ED  _main     |    0000C5F1  ___memcpy
     0000C623  .add_VBL  |    0000C623  _add_VBL  |    0000C627  .add_LCD 
     0000C627  _add_LCD  |    0000C639  .remove_V |    0000C639  _remove_V
     0000C63D  .remove_L |    0000C63D  _remove_L |    0000C647  _printf  
     0000C6AE  ___printf |    0000CB3A  _sprintf  |    0000CBAC  ___uitoa 
     0000CC93  _uitoa    |    0000CCAF  _itoa     |    0000CD1F  __sdcc_in
     0000CD22  __moduint |    0000CD2A  __divuint |    0000CD32  ___udivmo
ASxxxx Linker V03.00/V05.40 + sdld,  page 5.
Hexadecimal  [32-Bits]

Area                       Addr        Size        Decimal Bytes (Attributes)
--------------------       ----        ----        ------- ----- ------------
_HOME                  0000CD5B    00000F6F =        3951. bytes (REL,CON)

        Value  Global            Value  Global            Value  Global    
        -----  ------            -----  ------            -----  ------    
     0000CD5B  .ppu_stri |    0000CD70  .ppu_stri |    0000CDB8  .ppu_stri
     0000CDE6  .ppu_stri |    0000CDFA  .ppu_stri |    0000CDFA  _set_vram
     0000CEE7  _font_loa |    0000CEEF  font_load |    0000CF57  font_copy
     0000CFAA  font_set  |    0000CFC3  .put_char |    0000CFD8  .out_char
     0000CFDE  .del_char |    0000D02D  _putchar  |    0000D030  _setchar 
     0000D033  _font_loa |    0000D036  _font_set |    0000D03A  _font_ini
     0000D058  .cls      |    0000D058  _cls      |    0000D061  _gotoxy  
     0000D068  _posx     |    0000D076  _posy     |    0000D09C  .cr_curs 
     0000D0B2  .adv_curs |    0000D0E8  .tmode    |    0000D0F2  .tmode_ou
     0000D0FB  .set_mode |    0000D0FB  _mode     |    0000D112  _get_mode
     0000D116  _set_bkg_ |    0000D1A1  _flush_sh |    0000D29C  _hide_spr
     0000D2B4  _font_col |    0000D2BB  _set_bkg_ |    0000D2CD  _set_spri
     0000D3E5  _get_bkg_ |    0000D3FE  _set_bkg_ |    0000D404  _font_ita
     0000D76E  _font_ibm |    0000DB20  _font_min
ASxxxx Linker V03.00/V05.40 + sdld,  page 6.
Hexadecimal  [32-Bits]

Area                       Addr        Size        Decimal Bytes (Attributes)
--------------------       ----        ----        ------- ----- ------------
_XINIT                 0000DCCA    0000000B =          11. bytes (REL,CON)

        Value  Global            Value  Global            Value  Global    
        -----  ------            -----  ------            -----  ------    
ASxxxx Linker V03.00/V05.40 + sdld,  page 7.
Hexadecimal  [32-Bits]

Area                       Addr        Size        Decimal Bytes (Attributes)
--------------------       ----        ----        ------- ----- ------------
_DATA                  00000300    0000000B =          11. bytes (REL,CON)

        Value  Global            Value  Global            Value  Global    
        -----  ------            -----  ------            -----  ------    
     00000300  .curx     |    00000301  .cury     |    00000302  ___render
     00000303  .jmp_to_V |    00000306  .jmp_to_L |    00000309  .fg_colou
     00000309  __current |    0000030A  .bg_colou
ASxxxx Linker V03.00/V05.40 + sdld,  page 8.
Hexadecimal  [32-Bits]

Area                       Addr        Size        Decimal Bytes (Attributes)
--------------------       ----        ----        ------- ----- ------------
_BSS                   0000030B    0000007E =         126. bytes (REL,CON)

        Value  Global            Value  Global            Value  Global    
        -----  ------            -----  ------            -----  ------    
     0000030B  __crt0_pa |    00000324  .mode     |    00000340  font_curr
     00000343  font_firs |    00000344  font_tabl |    0000035A  ___printf
     0000035C  ___printf |    0000035E  ___printf |    00000379  ___uitoa_
     0000037B  ___uitoa_ |    0000037F  _uitoa_PA |    00000381  _uitoa_PA
     00000382  _itoa_PAR |    00000384  _itoa_PAR
ASxxxx Linker V03.00/V05.40 + sdld,  page 9.
Hexadecimal  [32-Bits]

Area                       Addr        Size        Decimal Bytes (Attributes)
--------------------       ----        ----        ------- ----- ------------
OSEG                   00000000    00000004 =           4. bytes (REL,OVR,PAG)

        Value  Global            Value  Global            Value  Global    
        -----  ------            -----  ------            -----  ------    
     00000000  ___memcpy |    00000000  __divsint |    00000000  __divuint
     00000000  __modsint |    00000000  __moduint |    00000002  ___memcpy
ASxxxx Linker V03.00/V05.40 + sdld,  page 10.
Hexadecimal  [32-Bits]

Area                       Addr        Size        Decimal Bytes (Attributes)
--------------------       ----        ----        ------- ----- ------------
GBDKOVR                00000010    0000000D =          13. bytes (REL,OVR,PAG)

        Value  Global            Value  Global            Value  Global    
        -----  ------            -----  ------            -----  ------    
     00000010  _set_bkg_ |    00000010  _set_bkg_ |    00000010  _set_bkg_
     00000010  _set_spri |    00000010  _set_vram |    00000011  .bkg_tile
ASxxxx Linker V03.00/V05.40 + sdld,  page 11.
Hexadecimal  [32-Bits]

Area                       Addr        Size        Decimal Bytes (Attributes)
--------------------       ----        ----        ------- ----- ------------
_ZP                    00000020    00000037 =          55. bytes (REL,CON,PAG)

        Value  Global            Value  Global            Value  Global    
        -----  ------            -----  ------            -----  ------    
     00000020  __shadow_ |    00000021  __current |    00000022  _sys_time
     00000024  _shadow_P |    00000025  _shadow_P |    00000028  _bkg_scro
     00000029  _bkg_scro |    0000002A  _attribut |    0000002B  _attribut
     0000002C  .crt0_for |    0000002D  __SYSTEM  |    00000030  __vram_tr
     00000031  __vram_tr |    00000032  __vram_tr |    00000033  __vram_tr
     00000034  REGTEMP   |    0000003C  __lcd_sca |    0000003D  ___SDCC_m
     0000003E  ___SDCC_m |    0000003F  ___SDCC_m |    00000040  ___SDCC_m
     00000041  ___SDCC_m |    00000042  ___SDCC_m |    00000043  ___SDCC_m
     00000044  ___SDCC_m |    00000055  DPTR     
ASxxxx Linker V03.00/V05.40 + sdld,  page 12.

Files Linked                              [ module(s) ]

../../../lib/nes/crt0.o                   [ crt0 ]
obj/nes/fonts.o                           [ fonts ]


Libraries Linked                          [ object file ]

../../../lib/nes/nes.lib                  [ vram_transfer_buffer.o ]
../../../lib/nes/nes.lib                  [ font.o ]
../../../lib/nes/nes.lib                  [ mode.o ]
../../../lib/mos6502/mos6502.lib          [ _memcpy.o ]
../../../lib/nes/nes.lib                  [ set_1bit_data.o ]
../../../lib/nes/nes.lib                  [ flush_attributes.o ]
../../../lib/nes/nes.lib                  [ metasprites_hide_spr.o ]
../../../lib/nes/nes.lib                  [ font_color.o ]
../../../lib/mos6502/mos6502.lib          [ _temp.o ]
../../../lib/nes/nes.lib                  [ lcd.o ]
../../../lib/nes/nes.lib                  [ set_data.o ]
../../../lib/nes/nes.lib                  [ set_tile.o ]
../../../lib/nes/nes.lib                  [ color.o ]
../../../lib/nes/nes.lib                  [ f_italic.o ]
../../../lib/mos6502/mos6502.lib          [ _ret01.o ]
../../../lib/nes/nes.lib                  [ f_ibm_sh.o ]
../../../lib/mos6502/mos6502.lib          [ _ret23.o ]
../../../lib/mos6502/mos6502.lib          [ _ret4567.o ]
../../../lib/mos6502/mos6502.lib          [ printf.o ]
../../../lib/nes/nes.lib                  [ f_min.o ]
../../../lib/mos6502/mos6502.lib          [ sprintf.o ]
../../../lib/mos6502/mos6502.lib          [ __itoa.o ]
../../../lib/mos6502/mos6502.lib          [ __sdcc_indirect_jsr.o ]
../../../lib/mos6502/mos6502.lib          [ _dptr.o ]
../../../lib/mos6502/mos6502.lib          [ _moduint.o ]
../../../lib/mos6502/mos6502.lib          [ _divuint.o ]

ASxxxx Linker V03.00/V05.40 + sdld,  page 13.

User Base Address Definitions

_DATA=0x0300
_CODE=0xC000
VECTORS=0xFFFA
OSEG=0x00
GBDKOVR=0x10
_ZP=0x20

