ASxxxx Linker V03.00/V05.40 + sdld,  page 1.
Hexadecimal  [32-Bits]

Area                       Addr        Size        Decimal Bytes (Attributes)
--------------------       ----        ----        ------- ----- ------------
.  .ABS.               00000000    00000000 =           0. bytes (ABS,CON)

        Value  Global            Value  Global            Value  Global    
        -----  ------            -----  ------            -----  ------    
     00000000  .__.ABS.  |    00000000  l__BASE   |    00000000  l__BSEG  
     00000000  l__BSS    |    00000000  l__CABS   |    00000000  l__CODE_0
     00000000  l__DABS   |    00000000  l__HEADER |    00000000  l__HEAP  
     00000000  l__HEAP_E |    00000000  l__LIT    |    00000000  s__CABS  
     00000000  s__DABS   |    00000000  s__HEADER |    00000000  s__HEADER
     00000000  s__HEADER |    00000000  s__HEADER |    00000000  s__HEADER
     00000000  s__HEADER |    00000000  s__HEADER |    00000000  s__HEADER
     00000001  l__GSFINA |    00000001  l__HEADER |    00000003  l__HEADER
     00000003  l__HEADER |    00000006  l__HEADER |    00000009  l__HEADER
     00000009  l__HEADER |    0000000C  l__GSINIT |    00000027  l__DATA  
     00000063  l__INITIA |    00000063  l__INITIA |    00000071  l__HEADER
     00000100  s__CODE   |    00000853  l__CODE   |    00000944  l__HOME  
     00000953  s__HOME   |    00001297  s__BASE   |    00001297  s__CODE_0
     00001297  s__INITIA |    00001297  s__LIT    |    000012FA  s__GSINIT
     00001306  s__GSFINA |    0000C000  _shadow_O |    0000C0C0  s__DATA  
     0000C0E7  s__INITIA |    0000C14A  s__BSEG   |    0000C14A  s__BSS   
     0000C14A  s__HEAP   |    0000C14A  s__HEAP_E |    0000DFF0  .STACK   
ASxxxx Linker V03.00/V05.40 + sdld,  page 2.
Hexadecimal  [32-Bits]

Area                       Addr        Size        Decimal Bytes (Attributes)
--------------------       ----        ----        ------- ----- ------------
_CODE                  00000100    00000853 =        2131. bytes (REL,CON)

        Value  Global            Value  Global            Value  Global    
        -----  ------            -----  ------            -----  ------    
     00000100  _init_pad |    00000130  _main     |    00000427  _HUD     
     00000461  _printf   |    000004AB  ___printf |    000007F3  _sprintf 
     00000821  _itoa     |    00000852  _uitoa    |    00000903  ___uitobc
     0000093A  ___strrev |    00000940  ___strrev |    00000952  ___sdcc_c
ASxxxx Linker V03.00/V05.40 + sdld,  page 3.
Hexadecimal  [32-Bits]

Area                       Addr        Size        Decimal Bytes (Attributes)
--------------------       ----        ----        ------- ----- ------------
_HEADER0               00000000    00000006 =           6. bytes (ABS,CON)

        Value  Global            Value  Global            Value  Global    
        -----  ------            -----  ------            -----  ------    
ASxxxx Linker V03.00/V05.40 + sdld,  page 4.
Hexadecimal  [32-Bits]

Area                       Addr        Size        Decimal Bytes (Attributes)
--------------------       ----        ----        ------- ----- ------------
_HEADER1               00000000    00000009 =           9. bytes (ABS,CON)

        Value  Global            Value  Global            Value  Global    
        -----  ------            -----  ------            -----  ------    
     00000010  _WRITE_VD
ASxxxx Linker V03.00/V05.40 + sdld,  page 5.
Hexadecimal  [32-Bits]

Area                       Addr        Size        Decimal Bytes (Attributes)
--------------------       ----        ----        ------- ----- ------------
_HEADER2               00000000    00000009 =           9. bytes (ABS,CON)

        Value  Global            Value  Global            Value  Global    
        -----  ------            -----  ------            -----  ------    
     00000020  _WRITE_VD
ASxxxx Linker V03.00/V05.40 + sdld,  page 6.
Hexadecimal  [32-Bits]

Area                       Addr        Size        Decimal Bytes (Attributes)
--------------------       ----        ----        ------- ----- ------------
_HEADER3               00000000    00000001 =           1. bytes (ABS,CON)

        Value  Global            Value  Global            Value  Global    
        -----  ------            -----  ------            -----  ------    
     00000030  .call_hl 
ASxxxx Linker V03.00/V05.40 + sdld,  page 7.
Hexadecimal  [32-Bits]

Area                       Addr        Size        Decimal Bytes (Attributes)
--------------------       ----        ----        ------- ----- ------------
_HEADER4               00000000    00000003 =           3. bytes (ABS,CON)

        Value  Global            Value  Global            Value  Global    
        -----  ------            -----  ------            -----  ------    
ASxxxx Linker V03.00/V05.40 + sdld,  page 8.
Hexadecimal  [32-Bits]

Area                       Addr        Size        Decimal Bytes (Attributes)
--------------------       ----        ----        ------- ----- ------------
_HEADER5               00000000    00000003 =           3. bytes (ABS,CON)

        Value  Global            Value  Global            Value  Global    
        -----  ------            -----  ------            -----  ------    
ASxxxx Linker V03.00/V05.40 + sdld,  page 9.
Hexadecimal  [32-Bits]

Area                       Addr        Size        Decimal Bytes (Attributes)
--------------------       ----        ----        ------- ----- ------------
_HEADER6               00000000    00000071 =         113. bytes (ABS,CON)

        Value  Global            Value  Global            Value  Global    
        -----  ------            -----  ------            -----  ------    
     00000080  .init    
ASxxxx Linker V03.00/V05.40 + sdld,  page 10.
Hexadecimal  [32-Bits]

Area                       Addr        Size        Decimal Bytes (Attributes)
--------------------       ----        ----        ------- ----- ------------
_HOME                  00000953    00000944 =        2372. bytes (REL,CON)

        Value  Global            Value  Global            Value  Global    
        -----  ------            -----  ------            -----  ------    
     00000982  .CRT_DEFA |    000009A2  .memset_s |    000009AB  .memcpy_s
     000009B1  .wait_vbl |    000009B1  _vsync    |    000009B1  _wait_vbl
     000009C3  _set_tile |    00000A66  _gotoxy   |    00000A77  _posx    
     00000A7E  _posy     |    00000A85  _NMI_ISR  |    00000A87  .OUTI128 
     00000B07  .OUTI64   |    00000B47  .OUTI32   |    00000B67  .OUTI16  
     00000B87  .OUTI_END |    00000B88  _INT_ISR  |    00000C0F  .remove_L
     00000C0F  _remove_L |    00000C12  .add_LCD  |    00000C12  _add_LCD 
     00000C16  _add_VBL  |    00000C18  .add_VBL  |    00000C1B  .add_int 
     00000C27  _remove_V |    00000C29  .remove_V |    00000C2C  .remove_i
     00000C48  _add_JOY  |    00000C48  _add_SIO  |    00000C48  _add_TIM 
     00000C48  _remove_J |    00000C48  _remove_S |    00000C48  _remove_T
     00000C49  _joypad_i |    00000C6F  _joypad_e |    00000C9E  _putchar 
     00000C9E  _setchar  |    00000D2B  _font_ini |    00000D38  _font_set
     00000D3C  font_set  |    00000D45  _font_col |    00000D4C  font_load
     00000D52  _font_loa |    00000D56  font_load |    00000DC6  _set_spri
     00000DC6  _set_spri |    00000DC9  _set_bkg_ |    00000DC9  _set_bkg_
     00000DC9  _set_nati |    00000DFD  .scroll_v |    00000E56  _font_ibm
     00001208  .memset_s |    0000120F  _set_tile
ASxxxx Linker V03.00/V05.40 + sdld,  page 11.
Hexadecimal  [32-Bits]

Area                       Addr        Size        Decimal Bytes (Attributes)
--------------------       ----        ----        ------- ----- ------------
_INITIALIZER           00001297    00000063 =          99. bytes (REL,CON)

        Value  Global            Value  Global            Value  Global    
        -----  ------            -----  ------            -----  ------    
ASxxxx Linker V03.00/V05.40 + sdld,  page 12.
Hexadecimal  [32-Bits]

Area                       Addr        Size        Decimal Bytes (Attributes)
--------------------       ----        ----        ------- ----- ------------
_GSINIT                000012FA    0000000C =          12. bytes (REL,CON)

        Value  Global            Value  Global            Value  Global    
        -----  ------            -----  ------            -----  ------    
     000012FA  .gsinit  
ASxxxx Linker V03.00/V05.40 + sdld,  page 13.
Hexadecimal  [32-Bits]

Area                       Addr        Size        Decimal Bytes (Attributes)
--------------------       ----        ----        ------- ----- ------------
_GSFINAL               00001306    00000001 =           1. bytes (REL,CON)

        Value  Global            Value  Global            Value  Global    
        -----  ------            -----  ------            -----  ------    
ASxxxx Linker V03.00/V05.40 + sdld,  page 14.
Hexadecimal  [32-Bits]

Area                       Addr        Size        Decimal Bytes (Attributes)
--------------------       ----        ----        ------- ----- ------------
_DATA                  0000C0C0    00000027 =          39. bytes (REL,CON)

        Value  Global            Value  Global            Value  Global    
        -----  ------            -----  ------            -----  ------    
     0000C0C0  __BIOS    |    0000C0C1  __SYSTEM  |    0000C0C2  _joypads 
     0000C0C7  _player1  |    0000C0C8  _player2  |    0000C0C9  _player1_
     0000C0CB  _player2_ |    0000C0CD  _ballX    |    0000C0CE  _ballY   
     0000C0CF  _spd_ball |    0000C0D0  _spd_ball |    0000C0D1  font_curr
ASxxxx Linker V03.00/V05.40 + sdld,  page 15.
Hexadecimal  [32-Bits]

Area                       Addr        Size        Decimal Bytes (Attributes)
--------------------       ----        ----        ------- ----- ------------
_INITIALIZED           0000C0E7    00000063 =          99. bytes (REL,CON)

        Value  Global            Value  Global            Value  Global    
        -----  ------            -----  ------            -----  ------    
     0000C0E7  _shadow_V |    0000C0E8  _shadow_V |    0000C0E9  _shadow_V
     0000C0EA  _shadow_V |    0000C0EB  _shadow_V |    0000C0EC  _shadow_V
     0000C0ED  _shadow_V |    0000C0EE  _shadow_V |    0000C0EE  _shadow_V
     0000C0EF  _shadow_V |    0000C0EF  _shadow_V |    0000C0F0  _shadow_V
     0000C0F0  _shadow_V |    0000C0F1  _shadow_V |    0000C0F2  .shadow_V
     0000C0F2  .sys_time |    0000C0F2  _sys_time |    0000C0F4  .vbl_done
     0000C0F5  .vdp_shif |    0000C0F5  _VDP_ATTR |    0000C0F6  __shadow_
     0000C0F7  __shadow_ |    0000C0F8  __sprites |    0000C0F9  .mode    
     0000C0FA  _sprite_d |    0000C13A  __current |    0000C146  .curx    
     0000C147  .cury     |    0000C148  .fg_colou |    0000C148  __current
     0000C149  .bg_colou
ASxxxx Linker V03.00/V05.40 + sdld,  page 16.

Files Linked                              [ module(s) ]

../../../lib/gg/crt0.o                    [ Runtime ]
obj/gg/pong.rel                           [ pong ]


Libraries Linked                          [ object file ]

../../../lib/gg/gg.lib                    [ sms_set_2bpp_data.o ]
../../../lib/gg/gg.lib                    [ gotoxy.o ]
../../../lib/gg/gg.lib                    [ nmi.o ]
../../../lib/gg/gg.lib                    [ outi.o ]
../../../lib/gg/gg.lib                    [ sms_int.o ]
../../../lib/gg/gg.lib                    [ pad_ex.o ]
../../../lib/gg/gg.lib                    [ putchar.o ]
../../../lib/z80/z80.lib                  [ printf.o ]
../../../lib/gg/gg.lib                    [ font.o ]
../../../lib/gg/gg.lib                    [ sms_set_native_data.o ]
../../../lib/gg/gg.lib                    [ scroll.o ]
../../../lib/gg/gg.lib                    [ color.o ]
../../../lib/gg/gg.lib                    [ f_ibm_sh.o ]
../../../lib/z80/z80.lib                  [ sprintf.o ]
../../../lib/gg/gg.lib                    [ memset_small.o ]
../../../lib/z80/z80.lib                  [ __itoa.o ]
../../../lib/gg/gg.lib                    [ sms_set_1bpp_data.o ]
../../../lib/z80/z80.lib                  [ __uitobcd.o ]
../../../lib/z80/z80.lib                  [ __strreverse.o ]
../../../lib/z80/z80.lib                  [ __sdcc_call_hl.o ]

ASxxxx Linker V03.00/V05.40 + sdld,  page 17.

User Base Address Definitions

_DATA=0xC0C0
_CODE=0x0100
ASxxxx Linker V03.00/V05.40 + sdld,  page 18.

User Global Definitions

_shadow_OAM=0xC000
.STACK=0xDFF0

