ASxxxx Linker V03.00/V05.40 + sdld,  page 1.
Hexadecimal  [32-Bits]

Area                       Addr        Size        Decimal Bytes (Attributes)
--------------------       ----        ----        ------- ----- ------------
.  .ABS.               00000000    00000000 =           0. bytes (ABS,CON)

        Value  Global            Value  Global            Value  Global    
        -----  ------            -----  ------            -----  ------    
     00000000  .__.ABS.  |    00000000  ___bank_b |    00000000  ___bank_l
     00000000  ___bank_l |    00000000  l__BASE   |    00000000  l__BSEG  
     00000000  l__BSS    |    00000000  l__CABS   |    00000000  l__CODE_0
     00000000  l__DABS   |    00000000  l__HEADER |    00000000  l__HEAP  
     00000000  l__HEAP_E |    00000000  l__LIT    |    00000000  s__CABS  
     00000000  s__DABS   |    00000000  s__HEADER |    00000000  s__HEADER
     00000000  s__HEADER |    00000000  s__HEADER |    00000000  s__HEADER
     00000000  s__HEADER |    00000000  s__HEADER |    00000000  s__HEADER
     00000001  l__GSFINA |    00000001  l__HEADER |    00000002  l__DATA  
     00000003  l__HEADER |    00000003  l__HEADER |    00000006  l__HEADER
     00000009  l__HEADER |    00000009  l__HEADER |    0000000C  l__GSINIT
     00000010  ___size_b |    00000020  l__INITIA |    00000020  l__INITIA
     00000054  ___size_l |    0000007C  l__HEADER |    00000100  s__CODE  
     00000320  ___size_l |    000003E0  l__CODE   |    000004E0  s__HOME  
     0000055E  l__HOME   |    00000A3E  s__BASE   |    00000A3E  s__CODE_0
     00000A3E  s__INITIA |    00000A3E  s__LIT    |    00000A5E  s__GSINIT
     00000A6A  s__GSFINA |    0000C000  _shadow_O |    0000C0C0  s__DATA  
     0000C0C2  s__INITIA |    0000C0E2  s__BSEG   |    0000C0E2  s__BSS   
     0000C0E2  s__HEAP   |    0000C0E2  s__HEAP_E |    0000DFF0  .STACK   
ASxxxx Linker V03.00/V05.40 + sdld,  page 2.
Hexadecimal  [32-Bits]

Area                       Addr        Size        Decimal Bytes (Attributes)
--------------------       ----        ----        ------- ----- ------------
_CODE                  00000100    000003E0 =         992. bytes (REL,CON)

        Value  Global            Value  Global            Value  Global    
        -----  ------            -----  ------            -----  ------    
     00000100  ___func_l |    00000100  _logo_til |    00000420  ___func_l
     00000420  _logo_map |    00000474  ___func_b |    00000474  _blank_ti
     00000484  _init_gfx |    000004D8  _main    
ASxxxx Linker V03.00/V05.40 + sdld,  page 3.
Hexadecimal  [32-Bits]

Area                       Addr        Size        Decimal Bytes (Attributes)
--------------------       ----        ----        ------- ----- ------------
_HEADER0               00000000    00000006 =           6. bytes (ABS,CON)

        Value  Global            Value  Global            Value  Global    
        -----  ------            -----  ------            -----  ------    
ASxxxx Linker V03.00/V05.40 + sdld,  page 4.
Hexadecimal  [32-Bits]

Area                       Addr        Size        Decimal Bytes (Attributes)
--------------------       ----        ----        ------- ----- ------------
_HEADER1               00000000    00000009 =           9. bytes (ABS,CON)

        Value  Global            Value  Global            Value  Global    
        -----  ------            -----  ------            -----  ------    
     00000010  _WRITE_VD
ASxxxx Linker V03.00/V05.40 + sdld,  page 5.
Hexadecimal  [32-Bits]

Area                       Addr        Size        Decimal Bytes (Attributes)
--------------------       ----        ----        ------- ----- ------------
_HEADER2               00000000    00000009 =           9. bytes (ABS,CON)

        Value  Global            Value  Global            Value  Global    
        -----  ------            -----  ------            -----  ------    
     00000020  _WRITE_VD
ASxxxx Linker V03.00/V05.40 + sdld,  page 6.
Hexadecimal  [32-Bits]

Area                       Addr        Size        Decimal Bytes (Attributes)
--------------------       ----        ----        ------- ----- ------------
_HEADER3               00000000    00000001 =           1. bytes (ABS,CON)

        Value  Global            Value  Global            Value  Global    
        -----  ------            -----  ------            -----  ------    
     00000030  .call_hl 
ASxxxx Linker V03.00/V05.40 + sdld,  page 7.
Hexadecimal  [32-Bits]

Area                       Addr        Size        Decimal Bytes (Attributes)
--------------------       ----        ----        ------- ----- ------------
_HEADER4               00000000    00000003 =           3. bytes (ABS,CON)

        Value  Global            Value  Global            Value  Global    
        -----  ------            -----  ------            -----  ------    
ASxxxx Linker V03.00/V05.40 + sdld,  page 8.
Hexadecimal  [32-Bits]

Area                       Addr        Size        Decimal Bytes (Attributes)
--------------------       ----        ----        ------- ----- ------------
_HEADER5               00000000    00000003 =           3. bytes (ABS,CON)

        Value  Global            Value  Global            Value  Global    
        -----  ------            -----  ------            -----  ------    
ASxxxx Linker V03.00/V05.40 + sdld,  page 9.
Hexadecimal  [32-Bits]

Area                       Addr        Size        Decimal Bytes (Attributes)
--------------------       ----        ----        ------- ----- ------------
_HEADER6               00000000    0000007C =         124. bytes (ABS,CON)

        Value  Global            Value  Global            Value  Global    
        -----  ------            -----  ------            -----  ------    
     00000080  .init    
ASxxxx Linker V03.00/V05.40 + sdld,  page 10.
Hexadecimal  [32-Bits]

Area                       Addr        Size        Decimal Bytes (Attributes)
--------------------       ----        ----        ------- ----- ------------
_HOME                  000004E0    0000055E =        1374. bytes (REL,CON)

        Value  Global            Value  Global            Value  Global    
        -----  ------            -----  ------            -----  ------    
     0000050F  .CRT_DEFA |    0000051F  .memset_s |    00000528  .memcpy_s
     0000052E  .wait_vbl |    0000052E  _vsync    |    0000052E  _wait_vbl
     00000540  _set_tile |    000005E3  _NMI_ISR  |    000005E5  .OUTI128 
     00000665  .OUTI64   |    000006A5  .OUTI32   |    000006C5  .OUTI16  
     000006E5  .OUTI_END |    000006E6  _INT_ISR  |    0000076D  .remove_L
     0000076D  _remove_L |    00000770  .add_LCD  |    00000770  _add_LCD 
     00000774  _add_VBL  |    00000776  .add_VBL  |    00000779  .add_int 
     00000785  _remove_V |    00000787  .remove_V |    0000078A  .remove_i
     000007A6  _add_JOY  |    000007A6  _add_SIO  |    000007A6  _add_TIM 
     000007A6  _remove_J |    000007A6  _remove_S |    000007A6  _remove_T
     000007A7  _fill_rec |    00000805  _set_tile |    00000863  .fill_rec
     0000086E  .fill_rec |    00000901  .set_tile |    0000090C  .set_tile
     000009A4  .set_tile |    000009AF  .set_tile
ASxxxx Linker V03.00/V05.40 + sdld,  page 11.
Hexadecimal  [32-Bits]

Area                       Addr        Size        Decimal Bytes (Attributes)
--------------------       ----        ----        ------- ----- ------------
_INITIALIZER           00000A3E    00000020 =          32. bytes (REL,CON)

        Value  Global            Value  Global            Value  Global    
        -----  ------            -----  ------            -----  ------    
ASxxxx Linker V03.00/V05.40 + sdld,  page 12.
Hexadecimal  [32-Bits]

Area                       Addr        Size        Decimal Bytes (Attributes)
--------------------       ----        ----        ------- ----- ------------
_GSINIT                00000A5E    0000000C =          12. bytes (REL,CON)

        Value  Global            Value  Global            Value  Global    
        -----  ------            -----  ------            -----  ------    
     00000A5E  .gsinit  
ASxxxx Linker V03.00/V05.40 + sdld,  page 13.
Hexadecimal  [32-Bits]

Area                       Addr        Size        Decimal Bytes (Attributes)
--------------------       ----        ----        ------- ----- ------------
_GSFINAL               00000A6A    00000001 =           1. bytes (REL,CON)

        Value  Global            Value  Global            Value  Global    
        -----  ------            -----  ------            -----  ------    
ASxxxx Linker V03.00/V05.40 + sdld,  page 14.
Hexadecimal  [32-Bits]

Area                       Addr        Size        Decimal Bytes (Attributes)
--------------------       ----        ----        ------- ----- ------------
_DATA                  0000C0C0    00000002 =           2. bytes (REL,CON)

        Value  Global            Value  Global            Value  Global    
        -----  ------            -----  ------            -----  ------    
     0000C0C0  __BIOS    |    0000C0C1  __SYSTEM 
ASxxxx Linker V03.00/V05.40 + sdld,  page 15.
Hexadecimal  [32-Bits]

Area                       Addr        Size        Decimal Bytes (Attributes)
--------------------       ----        ----        ------- ----- ------------
_INITIALIZED           0000C0C2    00000020 =          32. bytes (REL,CON)

        Value  Global            Value  Global            Value  Global    
        -----  ------            -----  ------            -----  ------    
     0000C0C2  _shadow_V |    0000C0C3  _shadow_V |    0000C0C4  _shadow_V
     0000C0C5  _shadow_V |    0000C0C6  _shadow_V |    0000C0C7  _shadow_V
     0000C0C8  _shadow_V |    0000C0C9  _shadow_V |    0000C0C9  _shadow_V
     0000C0CA  _shadow_V |    0000C0CA  _shadow_V |    0000C0CB  _shadow_V
     0000C0CB  _shadow_V |    0000C0CC  _shadow_V |    0000C0CD  .shadow_V
     0000C0CD  .sys_time |    0000C0CD  _sys_time |    0000C0CF  .vbl_done
     0000C0D0  .vdp_shif |    0000C0D0  _VDP_ATTR |    0000C0D1  __shadow_
     0000C0D2  __shadow_ |    0000C0D3  __sprites |    0000C0D4  .mode    
     0000C0D5  __current |    0000C0E1  __map_til
ASxxxx Linker V03.00/V05.40 + sdld,  page 16.

Files Linked                              [ module(s) ]

../../../lib/sms/crt0.o                   [ Runtime ]
obj/sms/main.rel                          [ main ]


Libraries Linked                          [ object file ]

../../../lib/sms/sms.lib                  [ sms_set_2bpp_data.o ]
../../../lib/sms/sms.lib                  [ nmi.o ]
../../../lib/sms/sms.lib                  [ outi.o ]
../../../lib/sms/sms.lib                  [ sms_int.o ]
../../../lib/sms/sms.lib                  [ sms_fill_rect_compat.o ]
../../../lib/sms/sms.lib                  [ set_tile_map_compat.o ]
../../../lib/sms/sms.lib                  [ sms_fill_rect_xy_compat.o ]
../../../lib/sms/sms.lib                  [ set_tile_map_xy_compat.o ]
../../../lib/sms/sms.lib                  [ set_tile_map_xy.o ]

ASxxxx Linker V03.00/V05.40 + sdld,  page 17.

User Base Address Definitions

_DATA=0xC0C0
_CODE=0x0100
ASxxxx Linker V03.00/V05.40 + sdld,  page 18.

User Global Definitions

_shadow_OAM=0xC000
.STACK=0xDFF0

