ASxxxx Linker V03.00/V05.40 + sdld,  page 1.
Hexadecimal  [32-Bits]

Area                       Addr        Size        Decimal Bytes (Attributes)
--------------------       ----        ----        ------- ----- ------------
.  .ABS.               00000000    00000000 =           0. bytes (ABS,CON)

        Value  Global            Value  Global            Value  Global    
        -----  ------            -----  ------            -----  ------    
     00000000  .__.ABS.  |    00000000  l__BASE   |    00000000  l__BSEG  
     00000000  l__BSS    |    00000000  l__CABS   |    00000000  l__CODE_0
     00000000  l__DABS   |    00000000  l__HEADER |    00000000  l__HEAP  
     00000000  l__HEAP_E |    00000000  l__LIT    |    00000000  s__CABS  
     00000000  s__DABS   |    00000000  s__HEADER |    00000000  s__HEADER
     00000000  s__HEADER |    00000000  s__HEADER |    00000000  s__HEADER
     00000000  s__HEADER |    00000000  s__HEADER |    00000000  s__HEADER
     00000001  l__GSFINA |    00000001  l__HEADER |    00000003  l__HEADER
     00000003  l__HEADER |    00000006  l__HEADER |    00000009  l__HEADER
     00000009  l__HEADER |    0000000C  l__GSINIT |    00000013  l__CODE_2
     00000016  l__DATA_0 |    00000017  l__CODE_1 |    00000018  l__DATA_1
     00000019  l__DATA   |    00000038  l__INITIA |    00000038  l__INITIA
     0000007C  l__HEADER |    00000100  s__CODE   |    000007EA  l__CODE  
     00000876  l__HOME   |    000008EA  s__HOME   |    00001160  s__BASE  
     00001160  s__CODE_0 |    00001160  s__INITIA |    00001160  s__LIT   
     00001198  s__GSINIT |    000011A4  s__GSFINA |    00008000  s__DATA_0
     0000C000  _shadow_O |    0000C0C0  s__DATA   |    0000C0D9  s__INITIA
     0000C111  s__BSEG   |    0000C111  s__BSS    |    0000C111  s__HEAP  
     0000C111  s__HEAP_E |    0000DFF0  .STACK    |    00014000  s__CODE_1
     00018000  s__DATA_1 |    00024000  s__CODE_2
ASxxxx Linker V03.00/V05.40 + sdld,  page 2.
Hexadecimal  [32-Bits]

Area                       Addr        Size        Decimal Bytes (Attributes)
--------------------       ----        ----        ------- ----- ------------
_CODE                  00000100    000007EA =        2026. bytes (REL,CON)

        Value  Global            Value  Global            Value  Global    
        -----  ------            -----  ------            -----  ------    
     00000100  _main     |    000003F4  _printf   |    0000040C  ___crlf  
     00000442  ___printf |    0000078A  _sprintf  |    000007B8  _itoa    
     000007E9  _uitoa    |    0000089A  ___uitobc |    000008D1  ___strrev
     000008D7  ___strrev |    000008E9  ___sdcc_c
ASxxxx Linker V03.00/V05.40 + sdld,  page 3.
Hexadecimal  [32-Bits]

Area                       Addr        Size        Decimal Bytes (Attributes)
--------------------       ----        ----        ------- ----- ------------
_HEADER0               00000000    00000006 =           6. bytes (ABS,CON)

        Value  Global            Value  Global            Value  Global    
        -----  ------            -----  ------            -----  ------    
ASxxxx Linker V03.00/V05.40 + sdld,  page 4.
Hexadecimal  [32-Bits]

Area                       Addr        Size        Decimal Bytes (Attributes)
--------------------       ----        ----        ------- ----- ------------
_HEADER1               00000000    00000009 =           9. bytes (ABS,CON)

        Value  Global            Value  Global            Value  Global    
        -----  ------            -----  ------            -----  ------    
     00000010  _WRITE_VD
ASxxxx Linker V03.00/V05.40 + sdld,  page 5.
Hexadecimal  [32-Bits]

Area                       Addr        Size        Decimal Bytes (Attributes)
--------------------       ----        ----        ------- ----- ------------
_HEADER2               00000000    00000009 =           9. bytes (ABS,CON)

        Value  Global            Value  Global            Value  Global    
        -----  ------            -----  ------            -----  ------    
     00000020  _WRITE_VD
ASxxxx Linker V03.00/V05.40 + sdld,  page 6.
Hexadecimal  [32-Bits]

Area                       Addr        Size        Decimal Bytes (Attributes)
--------------------       ----        ----        ------- ----- ------------
_HEADER3               00000000    00000001 =           1. bytes (ABS,CON)

        Value  Global            Value  Global            Value  Global    
        -----  ------            -----  ------            -----  ------    
     00000030  .call_hl 
ASxxxx Linker V03.00/V05.40 + sdld,  page 7.
Hexadecimal  [32-Bits]

Area                       Addr        Size        Decimal Bytes (Attributes)
--------------------       ----        ----        ------- ----- ------------
_HEADER4               00000000    00000003 =           3. bytes (ABS,CON)

        Value  Global            Value  Global            Value  Global    
        -----  ------            -----  ------            -----  ------    
ASxxxx Linker V03.00/V05.40 + sdld,  page 8.
Hexadecimal  [32-Bits]

Area                       Addr        Size        Decimal Bytes (Attributes)
--------------------       ----        ----        ------- ----- ------------
_HEADER5               00000000    00000003 =           3. bytes (ABS,CON)

        Value  Global            Value  Global            Value  Global    
        -----  ------            -----  ------            -----  ------    
ASxxxx Linker V03.00/V05.40 + sdld,  page 9.
Hexadecimal  [32-Bits]

Area                       Addr        Size        Decimal Bytes (Attributes)
--------------------       ----        ----        ------- ----- ------------
_HEADER6               00000000    0000007C =         124. bytes (ABS,CON)

        Value  Global            Value  Global            Value  Global    
        -----  ------            -----  ------            -----  ------    
     00000080  .init    
ASxxxx Linker V03.00/V05.40 + sdld,  page 10.
Hexadecimal  [32-Bits]

Area                       Addr        Size        Decimal Bytes (Attributes)
--------------------       ----        ----        ------- ----- ------------
_HOME                  000008EA    00000876 =        2166. bytes (REL,CON)

        Value  Global            Value  Global            Value  Global    
        -----  ------            -----  ------            -----  ------    
     00000919  .CRT_DEFA |    00000929  .memset_s |    00000932  .memcpy_s
     00000938  .wait_vbl |    00000938  _vsync    |    00000938  _wait_vbl
     0000094A  _set_ROM_ |    00000950  _hello_co |    00000961  _set_ROM_
     00000967  _set_RAM_ |    00000975  _set_RAM_ |    00000983  _NMI_ISR 
     00000985  _putchar  |    00000985  _setchar  |    00000A12  .OUTI128 
     00000A92  .OUTI64   |    00000AD2  .OUTI32   |    00000AF2  .OUTI16  
     00000B12  .OUTI_END |    00000B13  _INT_ISR  |    00000B9A  .remove_L
     00000B9A  _remove_L |    00000B9D  .add_LCD  |    00000B9D  _add_LCD 
     00000BA1  _add_VBL  |    00000BA3  .add_VBL  |    00000BA6  .add_int 
     00000BB2  _remove_V |    00000BB4  .remove_V |    00000BB7  .remove_i
     00000BD3  _add_JOY  |    00000BD3  _add_SIO  |    00000BD3  _add_TIM 
     00000BD3  _remove_J |    00000BD3  _remove_S |    00000BD3  _remove_T
     00000BD4  _font_ini |    00000BE1  _font_set |    00000BE5  font_set 
     00000BEE  _font_col |    00000BF5  font_load |    00000BFB  _font_loa
     00000BFF  font_load |    00000C6F  .scroll_v |    00000CC8  _puts    
     00000CE8  _font_ibm |    0000109A  .memset_s |    000010A1  _set_tile
     00001129  _set_spri |    00001129  _set_spri |    0000112C  _set_bkg_
     0000112C  _set_bkg_ |    0000112C  _set_nati
ASxxxx Linker V03.00/V05.40 + sdld,  page 11.
Hexadecimal  [32-Bits]

Area                       Addr        Size        Decimal Bytes (Attributes)
--------------------       ----        ----        ------- ----- ------------
_INITIALIZER           00001160    00000038 =          56. bytes (REL,CON)

        Value  Global            Value  Global            Value  Global    
        -----  ------            -----  ------            -----  ------    
ASxxxx Linker V03.00/V05.40 + sdld,  page 12.
Hexadecimal  [32-Bits]

Area                       Addr        Size        Decimal Bytes (Attributes)
--------------------       ----        ----        ------- ----- ------------
_GSINIT                00001198    0000000C =          12. bytes (REL,CON)

        Value  Global            Value  Global            Value  Global    
        -----  ------            -----  ------            -----  ------    
     00001198  .gsinit  
ASxxxx Linker V03.00/V05.40 + sdld,  page 13.
Hexadecimal  [32-Bits]

Area                       Addr        Size        Decimal Bytes (Attributes)
--------------------       ----        ----        ------- ----- ------------
_GSFINAL               000011A4    00000001 =           1. bytes (REL,CON)

        Value  Global            Value  Global            Value  Global    
        -----  ------            -----  ------            -----  ------    
ASxxxx Linker V03.00/V05.40 + sdld,  page 14.
Hexadecimal  [32-Bits]

Area                       Addr        Size        Decimal Bytes (Attributes)
--------------------       ----        ----        ------- ----- ------------
_DATA                  0000C0C0    00000019 =          25. bytes (REL,CON)

        Value  Global            Value  Global            Value  Global    
        -----  ------            -----  ------            -----  ------    
     0000C0C0  __BIOS    |    0000C0C1  __SYSTEM  |    0000C0C2  ___dummy_
     0000C0C3  font_curr
ASxxxx Linker V03.00/V05.40 + sdld,  page 15.
Hexadecimal  [32-Bits]

Area                       Addr        Size        Decimal Bytes (Attributes)
--------------------       ----        ----        ------- ----- ------------
_INITIALIZED           0000C0D9    00000038 =          56. bytes (REL,CON)

        Value  Global            Value  Global            Value  Global    
        -----  ------            -----  ------            -----  ------    
     0000C0D9  _shadow_V |    0000C0DA  _shadow_V |    0000C0DB  _shadow_V
     0000C0DC  _shadow_V |    0000C0DD  _shadow_V |    0000C0DE  _shadow_V
     0000C0DF  _shadow_V |    0000C0E0  _shadow_V |    0000C0E0  _shadow_V
     0000C0E1  _shadow_V |    0000C0E1  _shadow_V |    0000C0E2  _shadow_V
     0000C0E2  _shadow_V |    0000C0E3  _shadow_V |    0000C0E4  .shadow_V
     0000C0E4  .sys_time |    0000C0E4  _sys_time |    0000C0E6  .vbl_done
     0000C0E7  .vdp_shif |    0000C0E7  _VDP_ATTR |    0000C0E8  __shadow_
     0000C0E9  __shadow_ |    0000C0EA  __sprites |    0000C0EB  .mode    
     0000C0EC  __current |    0000C0ED  _data     |    0000C101  _add_num_
     0000C103  .curx     |    0000C104  .cury     |    0000C10F  .fg_colou
     0000C10F  __current |    0000C110  .bg_colou
ASxxxx Linker V03.00/V05.40 + sdld,  page 16.
Hexadecimal  [32-Bits]

Area                       Addr        Size        Decimal Bytes (Attributes)
--------------------       ----        ----        ------- ----- ------------
_DATA_1                00018000    00000018 =          24. bytes (REL,CON)

        Value  Global            Value  Global            Value  Global    
        -----  ------            -----  ------            -----  ------    
     00018000  _hello_sr |    00018014  _add_num_ |    00018016  _add_num_
ASxxxx Linker V03.00/V05.40 + sdld,  page 17.
Hexadecimal  [32-Bits]

Area                       Addr        Size        Decimal Bytes (Attributes)
--------------------       ----        ----        ------- ----- ------------
_DATA_0                00008000    00000016 =          22. bytes (REL,CON)

        Value  Global            Value  Global            Value  Global    
        -----  ------            -----  ------            -----  ------    
     00008000  _hello_sr |    00008014  _add_num_
ASxxxx Linker V03.00/V05.40 + sdld,  page 18.
Hexadecimal  [32-Bits]

Area                       Addr        Size        Decimal Bytes (Attributes)
--------------------       ----        ----        ------- ----- ------------
_CODE_2                00024000    00000013 =          19. bytes (REL,CON)

        Value  Global            Value  Global            Value  Global    
        -----  ------            -----  ------            -----  ------    
     00024000  _hello_ro
ASxxxx Linker V03.00/V05.40 + sdld,  page 19.
Hexadecimal  [32-Bits]

Area                       Addr        Size        Decimal Bytes (Attributes)
--------------------       ----        ----        ------- ----- ------------
_CODE_1                00014000    00000017 =          23. bytes (REL,CON)

        Value  Global            Value  Global            Value  Global    
        -----  ------            -----  ------            -----  ------    
     00014000  _hello_ro |    00014013  _add_num_
ASxxxx Linker V03.00/V05.40 + sdld,  page 20.

Files Linked                              [ module(s) ]

../../../lib/sms/crt0.o                   [ Runtime ]
obj/sms/banks_nonintrinsic.rel            [ banks_nonintrinsic ]


Libraries Linked                          [ object file ]

../../../lib/sms/sms.lib                  [ nmi.o ]
../../../lib/sms/sms.lib                  [ putchar.o ]
../../../lib/sms/sms.lib                  [ outi.o ]
../../../lib/sms/sms.lib                  [ sms_int.o ]
../../../lib/sms/sms.lib                  [ font.o ]
../../../lib/sms/sms.lib                  [ scroll.o ]
../../../lib/sms/sms.lib                  [ color.o ]
../../../lib/z80/z80.lib                  [ puts.o ]
../../../lib/sms/sms.lib                  [ f_ibm_sh.o ]
../../../lib/sms/sms.lib                  [ memset_small.o ]
../../../lib/z80/z80.lib                  [ printf.o ]
../../../lib/sms/sms.lib                  [ sms_set_1bpp_data.o ]
../../../lib/sms/sms.lib                  [ crlf.o ]
../../../lib/sms/sms.lib                  [ sms_set_native_data.o ]
../../../lib/z80/z80.lib                  [ sprintf.o ]
../../../lib/z80/z80.lib                  [ __itoa.o ]
../../../lib/z80/z80.lib                  [ __uitobcd.o ]
../../../lib/z80/z80.lib                  [ __strreverse.o ]
../../../lib/z80/z80.lib                  [ __sdcc_call_hl.o ]

ASxxxx Linker V03.00/V05.40 + sdld,  page 21.

User Base Address Definitions

_DATA=0xC0C0
_CODE=0x0100
ASxxxx Linker V03.00/V05.40 + sdld,  page 22.

User Global Definitions

_shadow_OAM=0xC000
.STACK=0xDFF0

