ASxxxx Linker V03.00/V05.40 + sdld,  page 1.
Hexadecimal  [32-Bits]

Area                       Addr        Size        Decimal Bytes (Attributes)
--------------------       ----        ----        ------- ----- ------------
_FONT_HEADER0          00000000    00000003 =           3. bytes (ABS,CON)

        Value  Global            Value  Global            Value  Global    
        -----  ------            -----  ------            -----  ------    
     00000000  l_VECTORS |    00000000  l__BASE   |    00000000  l__CABS  
     00000000  l__DABS   |    00000000  l__FONT_H |    00000000  l__GSFINA
     00000000  l__GSINIT |    00000000  l__HEAP   |    00000000  l__HEAP_E
     00000000  l__INITIA |    00000000  l__INITIA |    00000000  l__LIT   
     00000000  l__OSEG   |    00000000  l__RODATA |    00000000  s_OSEG   
     00000000  s_VECTORS |    00000000  s_VECTORS |    00000000  s__CABS  
     00000000  s__DABS   |    00000000  s__FONT_H |    00000000  s__FONT_H
     00000003  l__FONT_H |    00000006  l_VECTORS |    0000000A  l_OSEG   
     0000000B  l__DATA   |    0000000B  l__XINIT  |    0000000D  l_GBDKOVR
     00000010  s_GBDKOVR |    00000020  s__ZP     |    00000035  l__ZP    
     00000055  s__OSEG   |    000000AA  l__BSS    |    00000300  s__DATA  
     0000030B  s__BSS    |    000003B5  s__HEAP   |    000003B5  s__HEAP_E
     000003B5  s__INITIA |    00000C81  l__HOME   |    00000F8A  l__CODE  
     0000C000  s__CODE   |    0000CF8A  s__HOME   |    0000DC0B  s__BASE  
     0000DC0B  s__INITIA |    0000DC0B  s__LIT    |    0000DC0B  s__RODATA
     0000DC0B  s__XINIT  |    0000DC16  s__GSFINA |    0000DC16  s__GSINIT
ASxxxx Linker V03.00/V05.40 + sdld,  page 2.
Hexadecimal  [32-Bits]

Area                       Addr        Size        Decimal Bytes (Attributes)
--------------------       ----        ----        ------- ----- ------------
VECTORS0               00000000    00000006 =           6. bytes (ABS,CON)

        Value  Global            Value  Global            Value  Global    
        -----  ------            -----  ------            -----  ------    
ASxxxx Linker V03.00/V05.40 + sdld,  page 3.
Hexadecimal  [32-Bits]

Area                       Addr        Size        Decimal Bytes (Attributes)
--------------------       ----        ----        ------- ----- ------------
.  .ABS.               00000000    00000000 =           0. bytes (ABS,CON)

        Value  Global            Value  Global            Value  Global    
        -----  ------            -----  ------            -----  ------    
     00000000  .__.ABS.  |    00000100  __vram_tr |    00000188  _attribut
     00000200  _shadow_O |    00002000  _PPUCTRL  |    00002001  _PPUMASK 
     00002002  _PPUSTATU |    00002003  _OAMADDR  |    00002004  _OAMDATA 
     00002005  _PPUSCROL |    00002006  _PPUADDR  |    00002007  _PPUDATA 
     00004014  _OAMDMA  
ASxxxx Linker V03.00/V05.40 + sdld,  page 4.
Hexadecimal  [32-Bits]

Area                       Addr        Size        Decimal Bytes (Attributes)
--------------------       ----        ----        ------- ----- ------------
_CODE                  0000C000    00000F8A =        3978. bytes (REL,CON)

        Value  Global            Value  Global            Value  Global    
        -----  ------            -----  ------            -----  ------    
     0000C000  .identity |    0000C000  _identity |    0000C1C2  .delay_to
     0000C358  .wait_vbl |    0000C358  _vsync    |    0000C358  _wait_vbl
     0000C3D8  .display_ |    0000C3D8  _display_ |    0000C3E5  .display_
     0000C3E5  _display_ |    0000C4ED  _main     |    0000C7C4  _strcpy  
     0000C7DC  ___memcpy |    0000C80E  .add_VBL  |    0000C80E  _add_VBL 
     0000C812  .add_LCD  |    0000C812  _add_LCD  |    0000C824  .remove_V
     0000C824  _remove_V |    0000C828  .remove_L |    0000C828  _remove_L
     0000C832  _strcmp   |    0000C852  _printf   |    0000C888  _strlen  
     0000C8DD  ___printf |    0000CD69  _sprintf  |    0000CDDB  ___uitoa 
     0000CEC2  _uitoa    |    0000CEDE  _itoa     |    0000CF4E  __sdcc_in
     0000CF51  __moduint |    0000CF59  __divuint |    0000CF61  ___udivmo
ASxxxx Linker V03.00/V05.40 + sdld,  page 5.
Hexadecimal  [32-Bits]

Area                       Addr        Size        Decimal Bytes (Attributes)
--------------------       ----        ----        ------- ----- ------------
_HOME                  0000CF8A    00000C81 =        3201. bytes (REL,CON)

        Value  Global            Value  Global            Value  Global    
        -----  ------            -----  ------            -----  ------    
     0000CF8A  .ppu_stri |    0000CF9F  .ppu_stri |    0000CFE7  .ppu_stri
     0000D015  .ppu_stri |    0000D029  .ppu_stri |    0000D029  _set_vram
     0000D116  _font_loa |    0000D11E  font_load |    0000D186  font_copy
     0000D1D9  font_set  |    0000D1F2  .put_char |    0000D207  .out_char
     0000D20D  .del_char |    0000D25C  _putchar  |    0000D25F  _setchar 
     0000D262  _font_loa |    0000D265  _font_set |    0000D269  _font_ini
     0000D287  .cls      |    0000D287  _cls      |    0000D290  _gotoxy  
     0000D297  _posx     |    0000D2A5  _posy     |    0000D2CB  .cr_curs 
     0000D2E1  .adv_curs |    0000D317  .tmode    |    0000D321  .tmode_ou
     0000D32A  _strncmp  |    0000D402  _set_bkg_ |    0000D48D  _flush_sh
     0000D588  _hide_spr |    0000D5A0  _strcat   |    0000D5EC  _strncpy 
     0000D693  _set_bkg_ |    0000D6A5  _set_spri |    0000D7BD  _get_bkg_
     0000D7D6  _set_bkg_ |    0000D7DC  _strncat  |    0000D859  _font_ibm
ASxxxx Linker V03.00/V05.40 + sdld,  page 6.
Hexadecimal  [32-Bits]

Area                       Addr        Size        Decimal Bytes (Attributes)
--------------------       ----        ----        ------- ----- ------------
_XINIT                 0000DC0B    0000000B =          11. bytes (REL,CON)

        Value  Global            Value  Global            Value  Global    
        -----  ------            -----  ------            -----  ------    
ASxxxx Linker V03.00/V05.40 + sdld,  page 7.
Hexadecimal  [32-Bits]

Area                       Addr        Size        Decimal Bytes (Attributes)
--------------------       ----        ----        ------- ----- ------------
_DATA                  00000300    0000000B =          11. bytes (REL,CON)

        Value  Global            Value  Global            Value  Global    
        -----  ------            -----  ------            -----  ------    
     00000300  .curx     |    00000301  .cury     |    00000302  ___render
     00000303  .jmp_to_V |    00000306  .jmp_to_L |    00000309  .fg_colou
     00000309  __current |    0000030A  .bg_colou
ASxxxx Linker V03.00/V05.40 + sdld,  page 8.
Hexadecimal  [32-Bits]

Area                       Addr        Size        Decimal Bytes (Attributes)
--------------------       ----        ----        ------- ----- ------------
_BSS                   0000030B    000000AA =         170. bytes (REL,CON)

        Value  Global            Value  Global            Value  Global    
        -----  ------            -----  ------            -----  ------    
     0000030B  __crt0_pa |    00000324  .mode     |    00000354  font_curr
     00000357  font_firs |    00000358  font_tabl |    0000036A  _strncmp_
     0000036C  _strncmp_ |    00000370  _strcat_P |    00000374  _strncpy_
     00000376  _strncpy_ |    0000037C  _strncat_ |    0000037E  _strncat_
     00000386  ___printf |    00000388  ___printf |    0000038A  ___printf
     000003A5  ___uitoa_ |    000003A7  ___uitoa_ |    000003AB  _uitoa_PA
     000003AD  _uitoa_PA |    000003AE  _itoa_PAR |    000003B0  _itoa_PAR
ASxxxx Linker V03.00/V05.40 + sdld,  page 9.
Hexadecimal  [32-Bits]

Area                       Addr        Size        Decimal Bytes (Attributes)
--------------------       ----        ----        ------- ----- ------------
OSEG                   00000000    0000000A =          10. bytes (REL,OVR,PAG)

        Value  Global            Value  Global            Value  Global    
        -----  ------            -----  ------            -----  ------    
     00000000  ___memcpy |    00000000  __divsint |    00000000  __divuint
     00000000  __modsint |    00000000  __moduint |    00000000  _strcmp_P
     00000000  _strcpy_P |    00000002  ___memcpy
ASxxxx Linker V03.00/V05.40 + sdld,  page 10.
Hexadecimal  [32-Bits]

Area                       Addr        Size        Decimal Bytes (Attributes)
--------------------       ----        ----        ------- ----- ------------
GBDKOVR                00000010    0000000D =          13. bytes (REL,OVR,PAG)

        Value  Global            Value  Global            Value  Global    
        -----  ------            -----  ------            -----  ------    
     00000010  _set_bkg_ |    00000010  _set_bkg_ |    00000010  _set_bkg_
     00000010  _set_spri |    00000010  _set_vram |    00000011  .bkg_tile
ASxxxx Linker V03.00/V05.40 + sdld,  page 11.
Hexadecimal  [32-Bits]

Area                       Addr        Size        Decimal Bytes (Attributes)
--------------------       ----        ----        ------- ----- ------------
_ZP                    00000020    00000035 =          53. bytes (REL,CON,PAG)

        Value  Global            Value  Global            Value  Global    
        -----  ------            -----  ------            -----  ------    
     00000020  __shadow_ |    00000021  __current |    00000022  _sys_time
     00000024  _shadow_P |    00000025  _shadow_P |    00000028  _bkg_scro
     00000029  _bkg_scro |    0000002A  _attribut |    0000002B  _attribut
     0000002C  .crt0_for |    0000002D  __SYSTEM  |    0000002E  __vram_tr
     0000002F  __vram_tr |    00000030  __vram_tr |    00000031  __vram_tr
     00000032  REGTEMP   |    0000003A  __lcd_sca |    0000003B  ___SDCC_m
     0000003C  ___SDCC_m |    0000003D  ___SDCC_m |    0000003E  ___SDCC_m
     0000003F  ___SDCC_m |    00000040  ___SDCC_m |    00000041  ___SDCC_m
     00000042  ___SDCC_m |    00000043  DPTR     
ASxxxx Linker V03.00/V05.40 + sdld,  page 12.

Files Linked                              [ module(s) ]

../../../lib/nes/crt0.o                   [ crt0 ]
obj/nes/libc_string.o                     [ libc_string ]


Libraries Linked                          [ object file ]

../../../lib/nes/nes.lib                  [ vram_transfer_buffer.o ]
../../../lib/nes/nes.lib                  [ font.o ]
../../../lib/mos6502/mos6502.lib          [ _strcpy.o ]
../../../lib/mos6502/mos6502.lib          [ strncmp.o ]
../../../lib/mos6502/mos6502.lib          [ _memcpy.o ]
../../../lib/nes/nes.lib                  [ set_1bit_data.o ]
../../../lib/nes/nes.lib                  [ flush_attributes.o ]
../../../lib/nes/nes.lib                  [ metasprites_hide_spr.o ]
../../../lib/mos6502/mos6502.lib          [ strcat.o ]
../../../lib/mos6502/mos6502.lib          [ strncpy.o ]
../../../lib/mos6502/mos6502.lib          [ _temp.o ]
../../../lib/nes/nes.lib                  [ lcd.o ]
../../../lib/nes/nes.lib                  [ set_data.o ]
../../../lib/mos6502/mos6502.lib          [ _strcmp.o ]
../../../lib/nes/nes.lib                  [ set_tile.o ]
../../../lib/mos6502/mos6502.lib          [ strncat.o ]
../../../lib/nes/nes.lib                  [ color.o ]
../../../lib/mos6502/mos6502.lib          [ _ret01.o ]
../../../lib/nes/nes.lib                  [ f_ibm_sh.o ]
../../../lib/mos6502/mos6502.lib          [ _ret23.o ]
../../../lib/mos6502/mos6502.lib          [ _ret4567.o ]
../../../lib/mos6502/mos6502.lib          [ printf.o ]
../../../lib/mos6502/mos6502.lib          [ _strlen.o ]
../../../lib/mos6502/mos6502.lib          [ _dptr.o ]
../../../lib/mos6502/mos6502.lib          [ sprintf.o ]
../../../lib/mos6502/mos6502.lib          [ __itoa.o ]
../../../lib/mos6502/mos6502.lib          [ __sdcc_indirect_jsr.o ]
../../../lib/mos6502/mos6502.lib          [ _moduint.o ]
../../../lib/mos6502/mos6502.lib          [ _divuint.o ]

ASxxxx Linker V03.00/V05.40 + sdld,  page 13.

User Base Address Definitions

_DATA=0x0300
_CODE=0xC000
VECTORS=0xFFFA
OSEG=0x00
GBDKOVR=0x10
_ZP=0x20

