ASxxxx Linker V03.00/V05.40 + sdld,  page 1.
Hexadecimal  [32-Bits]

Area                       Addr        Size        Decimal Bytes (Attributes)
--------------------       ----        ----        ------- ----- ------------
_CABS                  00000000    00000000 =           0. bytes (ABS,CON)

        Value  Global            Value  Global            Value  Global    
        -----  ------            -----  ------            -----  ------    
     00000000  l_VECTORS |    00000000  l__BASE   |    00000000  l__CABS  
     00000000  l__DABS   |    00000000  l__GSFINA |    00000000  l__GSINIT
     00000000  l__HEAP   |    00000000  l__HEAP_E |    00000000  l__INITIA
     00000000  l__INITIA |    00000000  l__LIT    |    00000000  l__OSEG  
     00000000  l__RODATA |    00000000  s_OSEG    |    00000000  s_VECTORS
     00000000  s_VECTORS |    00000000  s__CABS   |    00000000  s__DABS  
     00000004  l_OSEG    |    00000006  l_VECTORS |    00000009  l_GBDKOVR
     0000000B  l__DATA   |    0000000B  l__XINIT  |    00000010  s_GBDKOVR
     00000020  s__ZP     |    00000027  l__ZP     |    0000003F  l__BSS   
     00000047  s__OSEG   |    00000300  s__DATA   |    0000030B  s__BSS   
     0000034A  s__HEAP   |    0000034A  s__HEAP_E |    0000034A  s__INITIA
     000005CE  l__HOME   |    000010B1  l__CODE   |    0000C000  s__CODE  
     0000D0B1  s__HOME   |    0000D67F  s__BASE   |    0000D67F  s__INITIA
     0000D67F  s__LIT    |    0000D67F  s__RODATA |    0000D67F  s__XINIT 
     0000D68A  s__GSFINA |    0000D68A  s__GSINIT
ASxxxx Linker V03.00/V05.40 + sdld,  page 2.
Hexadecimal  [32-Bits]

Area                       Addr        Size        Decimal Bytes (Attributes)
--------------------       ----        ----        ------- ----- ------------
VECTORS0               00000000    00000006 =           6. bytes (ABS,CON)

        Value  Global            Value  Global            Value  Global    
        -----  ------            -----  ------            -----  ------    
ASxxxx Linker V03.00/V05.40 + sdld,  page 3.
Hexadecimal  [32-Bits]

Area                       Addr        Size        Decimal Bytes (Attributes)
--------------------       ----        ----        ------- ----- ------------
.  .ABS.               00000000    00000000 =           0. bytes (ABS,CON)

        Value  Global            Value  Global            Value  Global    
        -----  ------            -----  ------            -----  ------    
     00000000  .__.ABS.  |    00000100  __vram_tr |    00000188  _attribut
     00000200  _shadow_O |    00002000  _PPUCTRL  |    00002001  _PPUMASK 
     00002002  _PPUSTATU |    00002003  _OAMADDR  |    00002004  _OAMDATA 
     00002005  _PPUSCROL |    00002006  _PPUADDR  |    00002007  _PPUDATA 
     00004014  _OAMDMA  
ASxxxx Linker V03.00/V05.40 + sdld,  page 4.
Hexadecimal  [32-Bits]

Area                       Addr        Size        Decimal Bytes (Attributes)
--------------------       ----        ----        ------- ----- ------------
_CODE                  0000C000    000010B1 =        4273. bytes (REL,CON)

        Value  Global            Value  Global            Value  Global    
        -----  ------            -----  ------            -----  ------    
     0000C000  .identity |    0000C000  _identity |    0000C1C2  .delay_to
     0000C358  .wait_vbl |    0000C358  _vsync    |    0000C358  _wait_vbl
     0000C3D8  .display_ |    0000C3D8  _display_ |    0000C3E5  .display_
     0000C3E5  _display_ |    0000C4ED  _draw_but |    0000C6EB  _draw_dis
     0000C7F9  _reset_ob |    0000C823  _main     |    0000C9EB  _sprite_d
     0000CA2B  _tiles_da |    0000CFFB  _normal_b |    0000D01B  _pressed_
     0000D03B  _disabled |    0000D05B  ___memcpy |    0000D08D  .add_VBL 
     0000D08D  _add_VBL  |    0000D091  .add_LCD  |    0000D091  _add_LCD 
     0000D0A3  .remove_V |    0000D0A3  _remove_V |    0000D0A7  .remove_L
     0000D0A7  _remove_L
ASxxxx Linker V03.00/V05.40 + sdld,  page 5.
Hexadecimal  [32-Bits]

Area                       Addr        Size        Decimal Bytes (Attributes)
--------------------       ----        ----        ------- ----- ------------
_HOME                  0000D0B1    000005CE =        1486. bytes (REL,CON)

        Value  Global            Value  Global            Value  Global    
        -----  ------            -----  ------            -----  ------    
     0000D0B1  .ppu_stri |    0000D0C6  .ppu_stri |    0000D10E  .ppu_stri
     0000D13C  .ppu_stri |    0000D150  .ppu_stri |    0000D150  _set_vram
     0000D23D  _set_spri |    0000D245  _set_spri |    0000D24D  _move_spr
     0000D25A  _scroll_s |    0000D26F  _hide_spr |    0000D279  _get_spri
     0000D280  _fill_bkg |    0000D2FA  _flush_sh |    0000D3F5  _hide_spr
     0000D40D  _set_bkg_ |    0000D41F  _set_spri |    0000D537  _joypad_i
     0000D54E  .joypad_e |    0000D54E  _joypad_e |    0000D572  _set_bkg_
     0000D5D3  _set_bkg_ |    0000D629  _strobe_j |    0000D634  _read_joy
     0000D637  _read_joy |    0000D66A  .padup    |    0000D66A  _waitpadu
     0000D670  .jpad     |    0000D670  _joypad   |    0000D675  .wait_pad
     0000D675  _waitpad 
ASxxxx Linker V03.00/V05.40 + sdld,  page 6.
Hexadecimal  [32-Bits]

Area                       Addr        Size        Decimal Bytes (Attributes)
--------------------       ----        ----        ------- ----- ------------
_XINIT                 0000D67F    0000000B =          11. bytes (REL,CON)

        Value  Global            Value  Global            Value  Global    
        -----  ------            -----  ------            -----  ------    
ASxxxx Linker V03.00/V05.40 + sdld,  page 7.
Hexadecimal  [32-Bits]

Area                       Addr        Size        Decimal Bytes (Attributes)
--------------------       ----        ----        ------- ----- ------------
_DATA                  00000300    0000000B =          11. bytes (REL,CON)

        Value  Global            Value  Global            Value  Global    
        -----  ------            -----  ------            -----  ------    
     00000300  _toggle   |    00000301  _isSGB    |    00000302  _old_joy 
     00000303  _joy      |    00000304  ___render |    00000305  .jmp_to_V
     00000308  .jmp_to_L
ASxxxx Linker V03.00/V05.40 + sdld,  page 8.
Hexadecimal  [32-Bits]

Area                       Addr        Size        Decimal Bytes (Attributes)
--------------------       ----        ----        ------- ----- ------------
_BSS                   0000030B    0000003F =          63. bytes (REL,CON)

        Value  Global            Value  Global            Value  Global    
        -----  ------            -----  ------            -----  ------    
     0000030B  __crt0_pa |    00000324  .mode     |    0000033A  _draw_but
     0000033F  _old_joyp |    00000344  _joypads 
ASxxxx Linker V03.00/V05.40 + sdld,  page 9.
Hexadecimal  [32-Bits]

Area                       Addr        Size        Decimal Bytes (Attributes)
--------------------       ----        ----        ------- ----- ------------
OSEG                   00000000    00000004 =           4. bytes (REL,OVR,PAG)

        Value  Global            Value  Global            Value  Global    
        -----  ------            -----  ------            -----  ------    
     00000000  ___memcpy |    00000002  ___memcpy
ASxxxx Linker V03.00/V05.40 + sdld,  page 10.
Hexadecimal  [32-Bits]

Area                       Addr        Size        Decimal Bytes (Attributes)
--------------------       ----        ----        ------- ----- ------------
GBDKOVR                00000010    00000009 =           9. bytes (REL,OVR,PAG)

        Value  Global            Value  Global            Value  Global    
        -----  ------            -----  ------            -----  ------    
     00000010  _fill_bkg |    00000010  _joypad_i |    00000010  _move_spr
     00000010  _scroll_s |    00000010  _set_bkg_ |    00000010  _set_bkg_
     00000010  _set_spri |    00000010  _set_vram |    00000011  _fill_bkg
     00000011  _set_bkg_ |    00000012  _fill_bkg |    00000012  _set_bkg_
ASxxxx Linker V03.00/V05.40 + sdld,  page 11.
Hexadecimal  [32-Bits]

Area                       Addr        Size        Decimal Bytes (Attributes)
--------------------       ----        ----        ------- ----- ------------
_ZP                    00000020    00000027 =          39. bytes (REL,CON,PAG)

        Value  Global            Value  Global            Value  Global    
        -----  ------            -----  ------            -----  ------    
     00000020  __shadow_ |    00000021  __current |    00000022  _sys_time
     00000024  _shadow_P |    00000025  _shadow_P |    00000028  _bkg_scro
     00000029  _bkg_scro |    0000002A  _attribut |    0000002B  _attribut
     0000002C  .crt0_for |    0000002D  __SYSTEM  |    00000031  __vram_tr
     00000032  __vram_tr |    00000033  __vram_tr |    00000034  __vram_tr
     00000035  REGTEMP   |    0000003D  __lcd_sca |    0000003E  __map_til
     0000003F  ___SDCC_m |    00000040  ___SDCC_m |    00000041  ___SDCC_m
     00000042  ___SDCC_m |    00000043  ___SDCC_m |    00000044  ___SDCC_m
     00000045  ___SDCC_m |    00000046  ___SDCC_m
ASxxxx Linker V03.00/V05.40 + sdld,  page 12.

Files Linked                              [ module(s) ]

../../../lib/nes/crt0.o                   [ crt0 ]
obj/nes/joytest.o                         [ joytest ]
obj/nes/tiles.o                           [ tiles ]


Libraries Linked                          [ object file ]

../../../lib/nes/nes.lib                  [ vram_transfer_buffer.o ]
../../../lib/nes/nes.lib                  [ set_sprite.o ]
../../../lib/nes/nes.lib                  [ fill_rect_bk.o ]
../../../lib/mos6502/mos6502.lib          [ _memcpy.o ]
../../../lib/nes/nes.lib                  [ flush_attributes.o ]
../../../lib/nes/nes.lib                  [ metasprites_hide_spr.o ]
../../../lib/mos6502/mos6502.lib          [ _temp.o ]
../../../lib/nes/nes.lib                  [ lcd.o ]
../../../lib/nes/nes.lib                  [ set_data.o ]
../../../lib/nes/nes.lib                  [ pad_ex.o ]
../../../lib/nes/nes.lib                  [ set_bk_ts.o ]
../../../lib/nes/nes.lib                  [ pad.o ]
../../../lib/mos6502/mos6502.lib          [ _ret01.o ]
../../../lib/mos6502/mos6502.lib          [ _ret23.o ]
../../../lib/mos6502/mos6502.lib          [ _ret4567.o ]

ASxxxx Linker V03.00/V05.40 + sdld,  page 13.

User Base Address Definitions

_DATA=0x0300
_CODE=0xC000
VECTORS=0xFFFA
OSEG=0x00
GBDKOVR=0x10
_ZP=0x20

