ASxxxx Linker V03.00/V05.40 + sdld,  page 1.
Hexadecimal  [32-Bits]

Area                       Addr        Size        Decimal Bytes (Attributes)
--------------------       ----        ----        ------- ----- ------------
.  .ABS.               00000000    00000000 =           0. bytes (ABS,CON)

        Value  Global            Value  Global            Value  Global    
        -----  ------            -----  ------            -----  ------    
     00000000  .__.ABS.  |    00000000  l__BASE   |    00000000  l__BSEG  
     00000000  l__BSS    |    00000000  l__CABS   |    00000000  l__CODE_0
     00000000  l__DABS   |    00000000  l__HEADER |    00000000  l__HEAP  
     00000000  l__HEAP_E |    00000000  l__LIT    |    00000000  s__CABS  
     00000000  s__DABS   |    00000000  s__HEADER |    00000000  s__HEADER
     00000000  s__HEADER |    00000000  s__HEADER |    00000000  s__HEADER
     00000000  s__HEADER |    00000000  s__HEADER |    00000000  s__HEADER
     00000001  l__GSFINA |    00000001  l__HEADER |    00000003  l__HEADER
     00000003  l__HEADER |    00000006  l__HEADER |    00000009  l__HEADER
     00000009  l__HEADER |    0000000C  l__GSINIT |    0000001E  l__DATA  
     00000026  l__INITIA |    00000026  l__INITIA |    0000007C  l__HEADER
     00000100  s__CODE   |    000007C1  l__CODE   |    000008C1  s__HOME  
     00000AC6  l__HOME   |    00001387  s__BASE   |    00001387  s__CODE_0
     00001387  s__INITIA |    00001387  s__LIT    |    000013AD  s__GSINIT
     000013B9  s__GSFINA |    0000C000  _shadow_O |    0000C0C0  s__DATA  
     0000C0DE  s__INITIA |    0000C104  s__BSEG   |    0000C104  s__BSS   
     0000C104  s__HEAP   |    0000C104  s__HEAP_E |    0000DFF0  .STACK   
ASxxxx Linker V03.00/V05.40 + sdld,  page 2.
Hexadecimal  [32-Bits]

Area                       Addr        Size        Decimal Bytes (Attributes)
--------------------       ----        ----        ------- ----- ------------
_CODE                  00000100    000007C1 =        1985. bytes (REL,CON)

        Value  Global            Value  Global            Value  Global    
        -----  ------            -----  ------            -----  ------    
     00000100  _scanline |    00000126  _scanline |    00000136  _main    
     00000252  _scroller |    000003CF  _printf   |    00000419  ___printf
     00000761  _sprintf  |    0000078F  _itoa     |    000007C0  _uitoa   
     00000871  ___uitobc |    000008A8  ___strrev |    000008AE  ___strrev
     000008C0  ___sdcc_c
ASxxxx Linker V03.00/V05.40 + sdld,  page 3.
Hexadecimal  [32-Bits]

Area                       Addr        Size        Decimal Bytes (Attributes)
--------------------       ----        ----        ------- ----- ------------
_HEADER0               00000000    00000006 =           6. bytes (ABS,CON)

        Value  Global            Value  Global            Value  Global    
        -----  ------            -----  ------            -----  ------    
ASxxxx Linker V03.00/V05.40 + sdld,  page 4.
Hexadecimal  [32-Bits]

Area                       Addr        Size        Decimal Bytes (Attributes)
--------------------       ----        ----        ------- ----- ------------
_HEADER1               00000000    00000009 =           9. bytes (ABS,CON)

        Value  Global            Value  Global            Value  Global    
        -----  ------            -----  ------            -----  ------    
     00000010  _WRITE_VD
ASxxxx Linker V03.00/V05.40 + sdld,  page 5.
Hexadecimal  [32-Bits]

Area                       Addr        Size        Decimal Bytes (Attributes)
--------------------       ----        ----        ------- ----- ------------
_HEADER2               00000000    00000009 =           9. bytes (ABS,CON)

        Value  Global            Value  Global            Value  Global    
        -----  ------            -----  ------            -----  ------    
     00000020  _WRITE_VD
ASxxxx Linker V03.00/V05.40 + sdld,  page 6.
Hexadecimal  [32-Bits]

Area                       Addr        Size        Decimal Bytes (Attributes)
--------------------       ----        ----        ------- ----- ------------
_HEADER3               00000000    00000001 =           1. bytes (ABS,CON)

        Value  Global            Value  Global            Value  Global    
        -----  ------            -----  ------            -----  ------    
     00000030  .call_hl 
ASxxxx Linker V03.00/V05.40 + sdld,  page 7.
Hexadecimal  [32-Bits]

Area                       Addr        Size        Decimal Bytes (Attributes)
--------------------       ----        ----        ------- ----- ------------
_HEADER4               00000000    00000003 =           3. bytes (ABS,CON)

        Value  Global            Value  Global            Value  Global    
        -----  ------            -----  ------            -----  ------    
ASxxxx Linker V03.00/V05.40 + sdld,  page 8.
Hexadecimal  [32-Bits]

Area                       Addr        Size        Decimal Bytes (Attributes)
--------------------       ----        ----        ------- ----- ------------
_HEADER5               00000000    00000003 =           3. bytes (ABS,CON)

        Value  Global            Value  Global            Value  Global    
        -----  ------            -----  ------            -----  ------    
ASxxxx Linker V03.00/V05.40 + sdld,  page 9.
Hexadecimal  [32-Bits]

Area                       Addr        Size        Decimal Bytes (Attributes)
--------------------       ----        ----        ------- ----- ------------
_HEADER6               00000000    0000007C =         124. bytes (ABS,CON)

        Value  Global            Value  Global            Value  Global    
        -----  ------            -----  ------            -----  ------    
     00000080  .init    
ASxxxx Linker V03.00/V05.40 + sdld,  page 10.
Hexadecimal  [32-Bits]

Area                       Addr        Size        Decimal Bytes (Attributes)
--------------------       ----        ----        ------- ----- ------------
_HOME                  000008C1    00000AC6 =        2758. bytes (REL,CON)

        Value  Global            Value  Global            Value  Global    
        -----  ------            -----  ------            -----  ------    
     000008F0  .CRT_DEFA |    00000900  .memset_s |    00000909  .memcpy_s
     0000090F  .wait_vbl |    0000090F  _vsync    |    0000090F  _wait_vbl
     00000921  _font_ini |    0000092E  _font_set |    00000932  font_set 
     0000093B  _font_col |    00000942  font_load |    00000948  _font_loa
     0000094C  font_load |    000009BC  _set_tile |    00000A44  _NMI_ISR 
     00000A46  _set_vram |    00000A58  _set_attr |    00000A74  _set_tile
     00000A93  _set_attr |    00000AB4  .OUTI128  |    00000B34  .OUTI64  
     00000B74  .OUTI32   |    00000B94  .OUTI16   |    00000BB4  .OUTI_END
     00000BB5  _set_spri |    00000BB5  _set_spri |    00000BB8  _set_bkg_
     00000BB8  _set_bkg_ |    00000BB8  _set_nati |    00000BEC  _INT_ISR 
     00000C73  .remove_L |    00000C73  _remove_L |    00000C76  .add_LCD 
     00000C76  _add_LCD  |    00000C7A  _add_VBL  |    00000C7C  .add_VBL 
     00000C7F  .add_int  |    00000C8B  _remove_V |    00000C8D  .remove_V
     00000C90  .remove_i |    00000CAC  _add_JOY  |    00000CAC  _add_SIO 
     00000CAC  _add_TIM  |    00000CAC  _remove_J |    00000CAC  _remove_S
     00000CAC  _remove_T |    00000CAD  _set_inte |    00000CDC  _font_ibm
     0000108E  .memset_s |    00001095  _fill_rec |    000010F3  .coords_t
     00001161  _get_bkg_ |    00001169  .fill_rec |    00001174  .fill_rec
     00001207  _putchar  |    00001207  _setchar  |    00001294  .scroll_v
     000012ED  .set_tile |    000012F8  .set_tile
ASxxxx Linker V03.00/V05.40 + sdld,  page 11.
Hexadecimal  [32-Bits]

Area                       Addr        Size        Decimal Bytes (Attributes)
--------------------       ----        ----        ------- ----- ------------
_INITIALIZER           00001387    00000026 =          38. bytes (REL,CON)

        Value  Global            Value  Global            Value  Global    
        -----  ------            -----  ------            -----  ------    
ASxxxx Linker V03.00/V05.40 + sdld,  page 12.
Hexadecimal  [32-Bits]

Area                       Addr        Size        Decimal Bytes (Attributes)
--------------------       ----        ----        ------- ----- ------------
_GSINIT                000013AD    0000000C =          12. bytes (REL,CON)

        Value  Global            Value  Global            Value  Global    
        -----  ------            -----  ------            -----  ------    
     000013AD  .gsinit  
ASxxxx Linker V03.00/V05.40 + sdld,  page 13.
Hexadecimal  [32-Bits]

Area                       Addr        Size        Decimal Bytes (Attributes)
--------------------       ----        ----        ------- ----- ------------
_GSFINAL               000013B9    00000001 =           1. bytes (REL,CON)

        Value  Global            Value  Global            Value  Global    
        -----  ------            -----  ------            -----  ------    
ASxxxx Linker V03.00/V05.40 + sdld,  page 14.
Hexadecimal  [32-Bits]

Area                       Addr        Size        Decimal Bytes (Attributes)
--------------------       ----        ----        ------- ----- ------------
_DATA                  0000C0C0    0000001E =          30. bytes (REL,CON)

        Value  Global            Value  Global            Value  Global    
        -----  ------            -----  ------            -----  ------    
     0000C0C0  __BIOS    |    0000C0C1  __SYSTEM  |    0000C0C2  _scroller
     0000C0C4  _base     |    0000C0C6  _limit    |    0000C0C8  font_curr
ASxxxx Linker V03.00/V05.40 + sdld,  page 15.
Hexadecimal  [32-Bits]

Area                       Addr        Size        Decimal Bytes (Attributes)
--------------------       ----        ----        ------- ----- ------------
_INITIALIZED           0000C0DE    00000026 =          38. bytes (REL,CON)

        Value  Global            Value  Global            Value  Global    
        -----  ------            -----  ------            -----  ------    
     0000C0DE  _shadow_V |    0000C0DF  _shadow_V |    0000C0E0  _shadow_V
     0000C0E1  _shadow_V |    0000C0E2  _shadow_V |    0000C0E3  _shadow_V
     0000C0E4  _shadow_V |    0000C0E5  _shadow_V |    0000C0E5  _shadow_V
     0000C0E6  _shadow_V |    0000C0E6  _shadow_V |    0000C0E7  _shadow_V
     0000C0E7  _shadow_V |    0000C0E8  _shadow_V |    0000C0E9  .shadow_V
     0000C0E9  .sys_time |    0000C0E9  _sys_time |    0000C0EB  .vbl_done
     0000C0EC  .vdp_shif |    0000C0EC  _VDP_ATTR |    0000C0ED  __shadow_
     0000C0EE  __shadow_ |    0000C0EF  __sprites |    0000C0F0  .mode    
     0000C0F1  _scanline |    0000C0F3  _scroller |    0000C0F4  _scroller
     0000C0F6  .fg_colou |    0000C0F6  __current |    0000C0F7  .bg_colou
     0000C102  .curx     |    0000C103  .cury    
ASxxxx Linker V03.00/V05.40 + sdld,  page 16.

Files Linked                              [ module(s) ]

../../../lib/sms/crt0.o                   [ Runtime ]
obj/sms/text_scroller.rel                 [ text_scroller ]


Libraries Linked                          [ object file ]

../../../lib/sms/sms.lib                  [ font.o ]
../../../lib/sms/sms.lib                  [ sms_set_1bpp_data.o ]
../../../lib/sms/sms.lib                  [ color.o ]
../../../lib/sms/sms.lib                  [ nmi.o ]
../../../lib/sms/sms.lib                  [ set_tile.o ]
../../../lib/sms/sms.lib                  [ outi.o ]
../../../lib/sms/sms.lib                  [ sms_set_native_data.o ]
../../../lib/sms/sms.lib                  [ sms_int.o ]
../../../lib/sms/sms.lib                  [ set_interrupts.o ]
../../../lib/sms/sms.lib                  [ f_ibm_sh.o ]
../../../lib/sms/sms.lib                  [ memset_small.o ]
../../../lib/z80/z80.lib                  [ printf.o ]
../../../lib/sms/sms.lib                  [ sms_fill_rect_compat.o ]
../../../lib/sms/sms.lib                  [ coords_to_address.o ]
../../../lib/sms/sms.lib                  [ sms_fill_rect_xy_compat.o ]
../../../lib/sms/sms.lib                  [ putchar.o ]
../../../lib/sms/sms.lib                  [ scroll.o ]
../../../lib/z80/z80.lib                  [ sprintf.o ]
../../../lib/sms/sms.lib                  [ set_tile_map_xy.o ]
../../../lib/z80/z80.lib                  [ __itoa.o ]
../../../lib/z80/z80.lib                  [ __uitobcd.o ]
../../../lib/z80/z80.lib                  [ __strreverse.o ]
../../../lib/z80/z80.lib                  [ __sdcc_call_hl.o ]

ASxxxx Linker V03.00/V05.40 + sdld,  page 17.

User Base Address Definitions

_DATA=0xC0C0
_CODE=0x0100
ASxxxx Linker V03.00/V05.40 + sdld,  page 18.

User Global Definitions

_shadow_OAM=0xC000
.STACK=0xDFF0

